Archive member included to satisfy reference by file (symbol)

/usr/lib/gcc/arm-none-eabi/9.2.1/../../../arm-none-eabi/lib/thumb/v7e-m+fp/softfp/libg_nano.a(lib_a-fflush.o)
                              ./output/startup_gcc.o (fflush)
/usr/lib/gcc/arm-none-eabi/9.2.1/../../../arm-none-eabi/lib/thumb/v7e-m+fp/softfp/libg_nano.a(lib_a-findfp.o)
                              /usr/lib/gcc/arm-none-eabi/9.2.1/../../../arm-none-eabi/lib/thumb/v7e-m+fp/softfp/libg_nano.a(lib_a-fflush.o) (__sinit)
/usr/lib/gcc/arm-none-eabi/9.2.1/../../../arm-none-eabi/lib/thumb/v7e-m+fp/softfp/libg_nano.a(lib_a-fwalk.o)
                              /usr/lib/gcc/arm-none-eabi/9.2.1/../../../arm-none-eabi/lib/thumb/v7e-m+fp/softfp/libg_nano.a(lib_a-findfp.o) (_fwalk)
/usr/lib/gcc/arm-none-eabi/9.2.1/../../../arm-none-eabi/lib/thumb/v7e-m+fp/softfp/libg_nano.a(lib_a-impure.o)
                              /usr/lib/gcc/arm-none-eabi/9.2.1/../../../arm-none-eabi/lib/thumb/v7e-m+fp/softfp/libg_nano.a(lib_a-fflush.o) (_global_impure_ptr)
/usr/lib/gcc/arm-none-eabi/9.2.1/../../../arm-none-eabi/lib/thumb/v7e-m+fp/softfp/libg_nano.a(lib_a-memcpy.o)
                              ./output/queue.o (memcpy)
/usr/lib/gcc/arm-none-eabi/9.2.1/../../../arm-none-eabi/lib/thumb/v7e-m+fp/softfp/libg_nano.a(lib_a-memset.o)
                              ./output/tasks.o (memset)
/usr/lib/gcc/arm-none-eabi/9.2.1/../../../arm-none-eabi/lib/thumb/v7e-m+fp/softfp/libg_nano.a(lib_a-nano-freer.o)
                              /usr/lib/gcc/arm-none-eabi/9.2.1/../../../arm-none-eabi/lib/thumb/v7e-m+fp/softfp/libg_nano.a(lib_a-fflush.o) (_free_r)
/usr/lib/gcc/arm-none-eabi/9.2.1/../../../arm-none-eabi/lib/thumb/v7e-m+fp/softfp/libg_nano.a(lib_a-nano-mallocr.o)
                              /usr/lib/gcc/arm-none-eabi/9.2.1/../../../arm-none-eabi/lib/thumb/v7e-m+fp/softfp/libg_nano.a(lib_a-findfp.o) (_malloc_r)
/usr/lib/gcc/arm-none-eabi/9.2.1/../../../arm-none-eabi/lib/thumb/v7e-m+fp/softfp/libg_nano.a(lib_a-sbrkr.o)
                              /usr/lib/gcc/arm-none-eabi/9.2.1/../../../arm-none-eabi/lib/thumb/v7e-m+fp/softfp/libg_nano.a(lib_a-nano-mallocr.o) (_sbrk_r)
/usr/lib/gcc/arm-none-eabi/9.2.1/../../../arm-none-eabi/lib/thumb/v7e-m+fp/softfp/libg_nano.a(lib_a-stdio.o)
                              /usr/lib/gcc/arm-none-eabi/9.2.1/../../../arm-none-eabi/lib/thumb/v7e-m+fp/softfp/libg_nano.a(lib_a-findfp.o) (__sread)
/usr/lib/gcc/arm-none-eabi/9.2.1/../../../arm-none-eabi/lib/thumb/v7e-m+fp/softfp/libg_nano.a(lib_a-strlen.o)
                              ./output/tasks.o (strlen)
/usr/lib/gcc/arm-none-eabi/9.2.1/../../../arm-none-eabi/lib/thumb/v7e-m+fp/softfp/libg_nano.a(lib_a-writer.o)
                              /usr/lib/gcc/arm-none-eabi/9.2.1/../../../arm-none-eabi/lib/thumb/v7e-m+fp/softfp/libg_nano.a(lib_a-stdio.o) (_write_r)
/usr/lib/gcc/arm-none-eabi/9.2.1/../../../arm-none-eabi/lib/thumb/v7e-m+fp/softfp/libg_nano.a(lib_a-closer.o)
                              /usr/lib/gcc/arm-none-eabi/9.2.1/../../../arm-none-eabi/lib/thumb/v7e-m+fp/softfp/libg_nano.a(lib_a-stdio.o) (_close_r)
/usr/lib/gcc/arm-none-eabi/9.2.1/../../../arm-none-eabi/lib/thumb/v7e-m+fp/softfp/libg_nano.a(lib_a-lseekr.o)
                              /usr/lib/gcc/arm-none-eabi/9.2.1/../../../arm-none-eabi/lib/thumb/v7e-m+fp/softfp/libg_nano.a(lib_a-stdio.o) (_lseek_r)
/usr/lib/gcc/arm-none-eabi/9.2.1/../../../arm-none-eabi/lib/thumb/v7e-m+fp/softfp/libg_nano.a(lib_a-mlock.o)
                              /usr/lib/gcc/arm-none-eabi/9.2.1/../../../arm-none-eabi/lib/thumb/v7e-m+fp/softfp/libg_nano.a(lib_a-nano-freer.o) (__malloc_lock)
/usr/lib/gcc/arm-none-eabi/9.2.1/../../../arm-none-eabi/lib/thumb/v7e-m+fp/softfp/libg_nano.a(lib_a-readr.o)
                              /usr/lib/gcc/arm-none-eabi/9.2.1/../../../arm-none-eabi/lib/thumb/v7e-m+fp/softfp/libg_nano.a(lib_a-stdio.o) (_read_r)
/usr/lib/gcc/arm-none-eabi/9.2.1/../../../arm-none-eabi/lib/thumb/v7e-m+fp/softfp/libg_nano.a(lib_a-reent.o)
                              /usr/lib/gcc/arm-none-eabi/9.2.1/../../../arm-none-eabi/lib/thumb/v7e-m+fp/softfp/libg_nano.a(lib_a-sbrkr.o) (errno)
/usr/lib/gcc/arm-none-eabi/9.2.1/../../../arm-none-eabi/lib/thumb/v7e-m+fp/softfp/librdimon_nano.a(rdimon-syscalls.o)
                              /usr/lib/gcc/arm-none-eabi/9.2.1/../../../arm-none-eabi/lib/thumb/v7e-m+fp/softfp/libg_nano.a(lib_a-readr.o) (_read)
/usr/lib/gcc/arm-none-eabi/9.2.1/../../../arm-none-eabi/lib/thumb/v7e-m+fp/softfp/libc_nano.a(lib_a-errno.o)
                              /usr/lib/gcc/arm-none-eabi/9.2.1/../../../arm-none-eabi/lib/thumb/v7e-m+fp/softfp/librdimon_nano.a(rdimon-syscalls.o) (__errno)

Allocating common symbols
Common symbol       size              file

errno               0x4               /usr/lib/gcc/arm-none-eabi/9.2.1/../../../arm-none-eabi/lib/thumb/v7e-m+fp/softfp/libg_nano.a(lib_a-reent.o)
r3                  0x4               ./output/startup_gcc.o
[...]
Memory Configuration

Name             Origin             Length             Attributes
FLASH            0x0000000000000000 0x0000000000400000 xr
RAM              0x0000000020000000 0x0000000000400000 rw
*default*        0x0000000000000000 0xffffffffffffffff

Linker script and memory map

LOAD ./output/tasks.o
LOAD ./output/list.o
LOAD ./output/queue.o
LOAD ./output/timers.o
LOAD ./output/event_groups.o
LOAD ./output/stream_buffer.o
LOAD ./output/heap_4.o
LOAD ./output/port.o
LOAD ./output/IntQueue.o
LOAD ./output/IntQueueTimer.o
LOAD ./output/main.o
LOAD ./output/startup_gcc.o
LOAD ./output/printf-stdarg.o
                0x0000000000000008                _Min_Heap_Size = 0x8
                0x0000000000000400                _Min_Stack_Size = 0x400
                0x0000000020010000                _estack = 0x20010000

.isr_vector     0x0000000000000000       0x78
                0x0000000000000000                __vector_table = .
 *(.isr_vector)
 .isr_vector    0x0000000000000000       0x78 ./output/startup_gcc.o
                0x0000000000000000                isr_vector
                0x0000000000000078                . = ALIGN (0x4)

.text           0x0000000000000080     0x14a8
 *(.text)
 .text          0x0000000000000080      0x1b0 /usr/lib/gcc/arm-none-eabi/9.2.1/../../../arm-none-eabi/lib/thumb/v7e-m+fp/softfp/libg_nano.a(lib_a-fflush.o)
                0x0000000000000080                __sflush_r
                0x00000000000001ac                _fflush_r
                0x000000000000020c                fflush
 .text          0x0000000000000230      0x210 /usr/lib/gcc/arm-none-eabi/9.2.1/../../../arm-none-eabi/lib/thumb/v7e-m+fp/softfp/libg_nano.a(lib_a-findfp.o)
                0x0000000000000234                _cleanup_r
                0x0000000000000244                __sfmoreglue
                0x0000000000000274                __sfp
                0x00000000000003ec                _cleanup
                0x0000000000000400                __sinit
                0x0000000000000408                __sfp_lock_acquire
                0x000000000000040c                __sfp_lock_release
                0x0000000000000410                __sinit_lock_acquire
                0x0000000000000414                __sinit_lock_release
                0x0000000000000418                __fp_lock_all
                0x000000000000042c                __fp_unlock_all
 .text          0x0000000000000440       0xa0 /usr/lib/gcc/arm-none-eabi/9.2.1/../../../arm-none-eabi/lib/thumb/v7e-m+fp/softfp/libg_nano.a(lib_a-fwalk.o)
                0x0000000000000440                _fwalk
                0x000000000000048c                _fwalk_reent
 .text          0x00000000000004e0      0x134 /usr/lib/gcc/arm-none-eabi/9.2.1/../../../arm-none-eabi/lib/thumb/v7e-m+fp/softfp/libg_nano.a(lib_a-memcpy.o)
                0x00000000000004e0                memcpy
 .text          0x0000000000000614       0xa0 /usr/lib/gcc/arm-none-eabi/9.2.1/../../../arm-none-eabi/lib/thumb/v7e-m+fp/softfp/libg_nano.a(lib_a-memset.o)
                0x0000000000000614                memset
 .text          0x00000000000006b4       0xac /usr/lib/gcc/arm-none-eabi/9.2.1/../../../arm-none-eabi/lib/thumb/v7e-m+fp/softfp/libg_nano.a(lib_a-nano-freer.o)
                0x00000000000006b4                _free_r
 .text          0x0000000000000760       0xc8 /usr/lib/gcc/arm-none-eabi/9.2.1/../../../arm-none-eabi/lib/thumb/v7e-m+fp/softfp/libg_nano.a(lib_a-nano-mallocr.o)
                0x0000000000000760                _malloc_r
 .text          0x0000000000000828       0x24 /usr/lib/gcc/arm-none-eabi/9.2.1/../../../arm-none-eabi/lib/thumb/v7e-m+fp/softfp/libg_nano.a(lib_a-sbrkr.o)
                0x0000000000000828                _sbrk_r
 .text          0x000000000000084c       0x90 /usr/lib/gcc/arm-none-eabi/9.2.1/../../../arm-none-eabi/lib/thumb/v7e-m+fp/softfp/libg_nano.a(lib_a-stdio.o)
                0x000000000000084c                __sread
                0x0000000000000870                __seofread
                0x0000000000000874                __swrite
                0x00000000000008b4                __sseek
                0x00000000000008d4                __sclose
 *fill*         0x00000000000008dc       0x24 
 .text          0x0000000000000900       0xdc /usr/lib/gcc/arm-none-eabi/9.2.1/../../../arm-none-eabi/lib/thumb/v7e-m+fp/softfp/libg_nano.a(lib_a-strlen.o)
                0x0000000000000900                strlen
 .text          0x00000000000009dc       0x2c /usr/lib/gcc/arm-none-eabi/9.2.1/../../../arm-none-eabi/lib/thumb/v7e-m+fp/softfp/libg_nano.a(lib_a-writer.o)
                0x00000000000009dc                _write_r
 .text          0x0000000000000a08       0x24 /usr/lib/gcc/arm-none-eabi/9.2.1/../../../arm-none-eabi/lib/thumb/v7e-m+fp/softfp/libg_nano.a(lib_a-closer.o)
                0x0000000000000a08                _close_r
 .text          0x0000000000000a2c       0x2c /usr/lib/gcc/arm-none-eabi/9.2.1/../../../arm-none-eabi/lib/thumb/v7e-m+fp/softfp/libg_nano.a(lib_a-lseekr.o)
                0x0000000000000a2c                _lseek_r
 .text          0x0000000000000a58        0x8 /usr/lib/gcc/arm-none-eabi/9.2.1/../../../arm-none-eabi/lib/thumb/v7e-m+fp/softfp/libg_nano.a(lib_a-mlock.o)
                0x0000000000000a58                __malloc_lock
                0x0000000000000a5c                __malloc_unlock
 .text          0x0000000000000a60       0x2c /usr/lib/gcc/arm-none-eabi/9.2.1/../../../arm-none-eabi/lib/thumb/v7e-m+fp/softfp/libg_nano.a(lib_a-readr.o)
                0x0000000000000a60                _read_r
 .text          0x0000000000000a8c      0x7f0 /usr/lib/gcc/arm-none-eabi/9.2.1/../../../arm-none-eabi/lib/thumb/v7e-m+fp/softfp/librdimon_nano.a(rdimon-syscalls.o)
                0x0000000000000ae0                _swiread
                0x0000000000000b08                _read
                0x0000000000000b58                _swilseek
                0x0000000000000bf0                _lseek
                0x0000000000000bf4                _swiwrite
                0x0000000000000c1c                _write
                0x0000000000000c90                _swiclose
                0x0000000000000cb4                _close
                0x0000000000000d1c                _getpid
                0x0000000000000d20                _sbrk
                0x0000000000000d70                _swistat
                0x0000000000000db8                _fstat
                0x0000000000000dd4                _stat
                0x0000000000000e10                _swiopen
                0x0000000000000ed8                _open
                0x0000000000000eec                _get_semihosting_exts
                0x0000000000000fec                _has_ext_exit_extended
                0x0000000000001004                _has_ext_stdout_stderr
                0x000000000000101c                initialise_monitor_handles
                0x0000000000001110                _link
                0x0000000000001120                _unlink
                0x000000000000115c                _gettimeofday
                0x0000000000001188                _clock
                0x000000000000119c                _times
                0x00000000000011bc                _isatty
                0x00000000000011f8                _system
                0x0000000000001240                _rename
 .text          0x000000000000127c        0xc /usr/lib/gcc/arm-none-eabi/9.2.1/../../../arm-none-eabi/lib/thumb/v7e-m+fp/softfp/libc_nano.a(lib_a-errno.o)
                0x000000000000127c                __errno
 *(.rodata*)
 .rodata        0x0000000000001288       0x21 ./output/tasks.o
 *fill*         0x00000000000012a9        0x3 
 .rodata        0x00000000000012ac       0x1b ./output/queue.o
 *fill*         0x00000000000012c7        0x1 
 .rodata        0x00000000000012c8       0x29 ./output/timers.o
 *fill*         0x00000000000012f1        0x3 
 .rodata        0x00000000000012f4       0x2d ./output/heap_4.o
 *fill*         0x0000000000001321        0x3 
 .rodata        0x0000000000001324       0x30 ./output/port.o
 .rodata        0x0000000000001354      0x113 ./output/main.o
 *fill*         0x0000000000001467        0x1 
 .rodata        0x0000000000001468       0x36 ./output/startup_gcc.o
 *fill*         0x000000000000149e        0x2 
 .rodata        0x00000000000014a0        0x7 ./output/printf-stdarg.o
 *fill*         0x00000000000014a7        0x1 
 .rodata        0x00000000000014a8       0x60 /usr/lib/gcc/arm-none-eabi/9.2.1/../../../arm-none-eabi/lib/thumb/v7e-m+fp/softfp/libg_nano.a(lib_a-findfp.o)
                0x00000000000014a8                __sf_fake_stderr
                0x00000000000014c8                __sf_fake_stdout
                0x00000000000014e8                __sf_fake_stdin
 .rodata        0x0000000000001508        0x4 /usr/lib/gcc/arm-none-eabi/9.2.1/../../../arm-none-eabi/lib/thumb/v7e-m+fp/softfp/libg_nano.a(lib_a-impure.o)
                0x0000000000001508                _global_impure_ptr
 .rodata.str1.4
                0x000000000000150c       0x1c /usr/lib/gcc/arm-none-eabi/9.2.1/../../../arm-none-eabi/lib/thumb/v7e-m+fp/softfp/librdimon_nano.a(rdimon-syscalls.o)
 *(.constdata*)
                0x0000000000001528                _etext = .
                0x0000000000001528                _sidata = .

.glue_7         0x0000000000001528        0x0
 .glue_7        0x0000000000001528        0x0 linker stubs

.glue_7t        0x0000000000001528        0x0
 .glue_7t       0x0000000000001528        0x0 linker stubs

.vfp11_veneer   0x0000000000001528        0x0
 .vfp11_veneer  0x0000000000001528        0x0 linker stubs

.v4_bx          0x0000000000001528        0x0
 .v4_bx         0x0000000000001528        0x0 linker stubs

.text.xTaskCreateStatic
                0x0000000000001528       0x9c
 .text.xTaskCreateStatic
                0x0000000000001528       0x9c ./output/tasks.o
                0x0000000000001528                xTaskCreateStatic

.text.xTaskCreate
                0x00000000000015c4       0x8a
 .text.xTaskCreate
                0x00000000000015c4       0x8a ./output/tasks.o
                0x00000000000015c4                xTaskCreate

.text.prvInitialiseNewTask
                0x0000000000001650      0x13c
 .text.prvInitialiseNewTask
                0x0000000000001650      0x13c ./output/tasks.o

.text.prvAddNewTaskToReadyList
                0x000000000000178c      0x124
 .text.prvAddNewTaskToReadyList
                0x000000000000178c      0x124 ./output/tasks.o

.text.xTaskDelayUntil
                0x00000000000018b0       0xdc
 .text.xTaskDelayUntil
                0x00000000000018b0       0xdc ./output/tasks.o
                0x00000000000018b0                xTaskDelayUntil

.text.vTaskStartScheduler
                0x000000000000198c       0xd0
 .text.vTaskStartScheduler
                0x000000000000198c       0xd0 ./output/tasks.o
                0x000000000000198c                vTaskStartScheduler

.text.vTaskSuspendAll
                0x0000000000001a5c       0x1c
 .text.vTaskSuspendAll
                0x0000000000001a5c       0x1c ./output/tasks.o
                0x0000000000001a5c                vTaskSuspendAll

.text.xTaskResumeAll
                0x0000000000001a78      0x1f0
 .text.xTaskResumeAll
                0x0000000000001a78      0x1f0 ./output/tasks.o
                0x0000000000001a78                xTaskResumeAll

.text.xTaskGetTickCount
                0x0000000000001c68       0x20
 .text.xTaskGetTickCount
                0x0000000000001c68       0x20 ./output/tasks.o
                0x0000000000001c68                xTaskGetTickCount

.text.xTaskIncrementTick
                0x0000000000001c88      0x234
 .text.xTaskIncrementTick
                0x0000000000001c88      0x234 ./output/tasks.o
                0x0000000000001c88                xTaskIncrementTick

.text.vTaskSwitchContext
                0x0000000000001ebc       0xf8
 .text.vTaskSwitchContext
                0x0000000000001ebc       0xf8 ./output/tasks.o
                0x0000000000001ebc                vTaskSwitchContext

.text.vTaskPlaceOnEventList
                0x0000000000001fb4       0x40
 .text.vTaskPlaceOnEventList
                0x0000000000001fb4       0x40 ./output/tasks.o
                0x0000000000001fb4                vTaskPlaceOnEventList

.text.vTaskPlaceOnEventListRestricted
                0x0000000000001ff4       0x84
 .text.vTaskPlaceOnEventListRestricted
                0x0000000000001ff4       0x84 ./output/tasks.o
                0x0000000000001ff4                vTaskPlaceOnEventListRestricted

.text.xTaskRemoveFromEventList
                0x0000000000002078      0x1a0
 .text.xTaskRemoveFromEventList
                0x0000000000002078      0x1a0 ./output/tasks.o
                0x0000000000002078                xTaskRemoveFromEventList

.text.vTaskInternalSetTimeOutState
                0x0000000000002218       0x2c
 .text.vTaskInternalSetTimeOutState
                0x0000000000002218       0x2c ./output/tasks.o
                0x0000000000002218                vTaskInternalSetTimeOutState

.text.xTaskCheckForTimeOut
                0x0000000000002244       0xd8
 .text.xTaskCheckForTimeOut
                0x0000000000002244       0xd8 ./output/tasks.o
                0x0000000000002244                xTaskCheckForTimeOut

.text.vTaskMissedYield
                0x000000000000231c       0x18
 .text.vTaskMissedYield
                0x000000000000231c       0x18 ./output/tasks.o
                0x000000000000231c                vTaskMissedYield

.text.prvIdleTask
                0x0000000000002334        0xe
 .text.prvIdleTask
                0x0000000000002334        0xe ./output/tasks.o

.text.prvInitialiseTaskLists
                0x0000000000002344       0x80
 .text.prvInitialiseTaskLists
                0x0000000000002344       0x80 ./output/tasks.o

.text.prvCheckTasksWaitingTermination
                0x00000000000023c4       0x5c
 .text.prvCheckTasksWaitingTermination
                0x00000000000023c4       0x5c ./output/tasks.o

.text.prvDeleteTCB
                0x0000000000002420       0x58
 .text.prvDeleteTCB
                0x0000000000002420       0x58 ./output/tasks.o

.text.prvResetNextTaskUnblockTime
                0x0000000000002478       0x38
 .text.prvResetNextTaskUnblockTime
                0x0000000000002478       0x38 ./output/tasks.o

.text.xTaskGetSchedulerState
                0x00000000000024b0       0x3c
 .text.xTaskGetSchedulerState
                0x00000000000024b0       0x3c ./output/tasks.o
                0x00000000000024b0                xTaskGetSchedulerState

.text.xTaskPriorityDisinherit
                0x00000000000024ec      0x130
 .text.xTaskPriorityDisinherit
                0x00000000000024ec      0x130 ./output/tasks.o
                0x00000000000024ec                xTaskPriorityDisinherit

.text.prvAddCurrentTaskToDelayedList
                0x000000000000261c      0x108
 .text.prvAddCurrentTaskToDelayedList
                0x000000000000261c      0x108 ./output/tasks.o

.iplt           0x0000000000002724        0x0
 .iplt          0x0000000000002724        0x0 ./output/tasks.o

.text.vListInitialise
                0x0000000000002724       0x40
 .text.vListInitialise
                0x0000000000002724       0x40 ./output/list.o
                0x0000000000002724                vListInitialise

.text.vListInitialiseItem
                0x0000000000002764       0x1a
 .text.vListInitialiseItem
                0x0000000000002764       0x1a ./output/list.o
                0x0000000000002764                vListInitialiseItem

.text.vListInsert
                0x000000000000277e       0x72
 .text.vListInsert
                0x000000000000277e       0x72 ./output/list.o
                0x000000000000277e                vListInsert

.text.uxListRemove
                0x00000000000027f0       0x54
 .text.uxListRemove
                0x00000000000027f0       0x54 ./output/list.o
                0x00000000000027f0                uxListRemove

.text.xQueueGenericReset
                0x0000000000002844      0x10c
 .text.xQueueGenericReset
                0x0000000000002844      0x10c ./output/queue.o
                0x0000000000002844                xQueueGenericReset

.text.xQueueGenericCreateStatic
                0x0000000000002950       0x9c
 .text.xQueueGenericCreateStatic
                0x0000000000002950       0x9c ./output/queue.o
                0x0000000000002950                xQueueGenericCreateStatic

.text.xQueueGenericCreate
                0x00000000000029ec       0x9c
 .text.xQueueGenericCreate
                0x00000000000029ec       0x9c ./output/queue.o
                0x00000000000029ec                xQueueGenericCreate

.text.prvInitialiseNewQueue
                0x0000000000002a88       0x44
 .text.prvInitialiseNewQueue
                0x0000000000002a88       0x44 ./output/queue.o

.text.xQueueGenericSend
                0x0000000000002acc      0x208
 .text.xQueueGenericSend
                0x0000000000002acc      0x208 ./output/queue.o
                0x0000000000002acc                xQueueGenericSend

.text.xQueueGenericSendFromISR
                0x0000000000002cd4      0x158
 .text.xQueueGenericSendFromISR
                0x0000000000002cd4      0x158 ./output/queue.o
                0x0000000000002cd4                xQueueGenericSendFromISR

.text.xQueueReceive
                0x0000000000002e2c      0x1a0
 .text.xQueueReceive
                0x0000000000002e2c      0x1a0 ./output/queue.o
                0x0000000000002e2c                xQueueReceive

.text.xQueueReceiveFromISR
                0x0000000000002fcc       0xfc
 .text.xQueueReceiveFromISR
                0x0000000000002fcc       0xfc ./output/queue.o
                0x0000000000002fcc                xQueueReceiveFromISR

.text.prvCopyDataToQueue
                0x00000000000030c8       0xd4
 .text.prvCopyDataToQueue
                0x00000000000030c8       0xd4 ./output/queue.o

.text.prvCopyDataFromQueue
                0x000000000000319c       0x4c
 .text.prvCopyDataFromQueue
                0x000000000000319c       0x4c ./output/queue.o

.text.prvUnlockQueue
                0x00000000000031e8       0xbe
 .text.prvUnlockQueue
                0x00000000000031e8       0xbe ./output/queue.o

.text.prvIsQueueEmpty
                0x00000000000032a6       0x2c
 .text.prvIsQueueEmpty
                0x00000000000032a6       0x2c ./output/queue.o

.text.prvIsQueueFull
                0x00000000000032d2       0x30
 .text.prvIsQueueFull
                0x00000000000032d2       0x30 ./output/queue.o

.text.xQueueIsQueueFullFromISR
                0x0000000000003304       0x40
 .text.xQueueIsQueueFullFromISR
                0x0000000000003304       0x40 ./output/queue.o
                0x0000000000003304                xQueueIsQueueFullFromISR

.text.vQueueAddToRegistry
                0x0000000000003344       0x90
 .text.vQueueAddToRegistry
                0x0000000000003344       0x90 ./output/queue.o
                0x0000000000003344                vQueueAddToRegistry

.text.vQueueWaitForMessageRestricted
                0x00000000000033d4       0x68
 .text.vQueueWaitForMessageRestricted
                0x00000000000033d4       0x68 ./output/queue.o
                0x00000000000033d4                vQueueWaitForMessageRestricted

.text.prvNotifyQueueSetContainer
                0x000000000000343c       0xb0
 .text.prvNotifyQueueSetContainer
                0x000000000000343c       0xb0 ./output/queue.o

.text.xTimerCreateTimerTask
                0x00000000000034ec       0x88
 .text.xTimerCreateTimerTask
                0x00000000000034ec       0x88 ./output/timers.o
                0x00000000000034ec                xTimerCreateTimerTask

.text.xTimerCreate
                0x0000000000003574       0x42
 .text.xTimerCreate
                0x0000000000003574       0x42 ./output/timers.o
                0x0000000000003574                xTimerCreate

.text.prvInitialiseNewTimer
                0x00000000000035b8       0x68
 .text.prvInitialiseNewTimer
                0x00000000000035b8       0x68 ./output/timers.o

.text.xTimerGenericCommand
                0x0000000000003620       0x94
 .text.xTimerGenericCommand
                0x0000000000003620       0x94 ./output/timers.o
                0x0000000000003620                xTimerGenericCommand

.text.prvReloadTimer
                0x00000000000036b4       0x42
 .text.prvReloadTimer
                0x00000000000036b4       0x42 ./output/timers.o

.text.prvProcessExpiredTimer
                0x00000000000036f8       0x60
 .text.prvProcessExpiredTimer
                0x00000000000036f8       0x60 ./output/timers.o

.text.prvTimerTask
                0x0000000000003758       0x24
 .text.prvTimerTask
                0x0000000000003758       0x24 ./output/timers.o

.text.prvProcessTimerOrBlockTask
                0x000000000000377c       0x9c
 .text.prvProcessTimerOrBlockTask
                0x000000000000377c       0x9c ./output/timers.o

.text.prvGetNextExpireTime
                0x0000000000003818       0x48
 .text.prvGetNextExpireTime
                0x0000000000003818       0x48 ./output/timers.o

.text.prvSampleTimeNow
                0x0000000000003860       0x40
 .text.prvSampleTimeNow
                0x0000000000003860       0x40 ./output/timers.o

.text.prvInsertTimerInActiveList
                0x00000000000038a0       0x84
 .text.prvInsertTimerInActiveList
                0x00000000000038a0       0x84 ./output/timers.o

.text.prvProcessReceivedCommands
                0x0000000000003924      0x1a0
 .text.prvProcessReceivedCommands
                0x0000000000003924      0x1a0 ./output/timers.o

.text.prvSwitchTimerLists
                0x0000000000003ac4       0x4c
 .text.prvSwitchTimerLists
                0x0000000000003ac4       0x4c ./output/timers.o

.text.prvCheckForValidListAndQueue
                0x0000000000003b10       0x80
 .text.prvCheckForValidListAndQueue
                0x0000000000003b10       0x80 ./output/timers.o

.text.pvPortMalloc
                0x0000000000003b90      0x1a8
 .text.pvPortMalloc
                0x0000000000003b90      0x1a8 ./output/heap_4.o
                0x0000000000003b90                pvPortMalloc

.text.vPortFree
                0x0000000000003d38       0xb0
 .text.vPortFree
                0x0000000000003d38       0xb0 ./output/heap_4.o
                0x0000000000003d38                vPortFree

.text.prvHeapInit
                0x0000000000003de8       0xc4
 .text.prvHeapInit
                0x0000000000003de8       0xc4 ./output/heap_4.o

.text.prvInsertBlockIntoFreeList
                0x0000000000003eac       0xb4
 .text.prvInsertBlockIntoFreeList
                0x0000000000003eac       0xb4 ./output/heap_4.o

.text.pxPortInitialiseStack
                0x0000000000003f60       0x68
 .text.pxPortInitialiseStack
                0x0000000000003f60       0x68 ./output/port.o
                0x0000000000003f60                pxPortInitialiseStack

.text.prvTaskExitError
                0x0000000000003fc8       0x4c
 .text.prvTaskExitError
                0x0000000000003fc8       0x4c ./output/port.o

.text.vPortSVCHandler
                0x0000000000004020       0x28
 .text.vPortSVCHandler
                0x0000000000004020       0x28 ./output/port.o
                0x0000000000004020                vPortSVCHandler

.text.prvPortStartFirstTask
                0x0000000000004048       0x2c
 .text.prvPortStartFirstTask
                0x0000000000004048       0x2c ./output/port.o

.text.xPortStartScheduler
                0x0000000000004074      0x10c
 .text.xPortStartScheduler
                0x0000000000004074      0x10c ./output/port.o
                0x0000000000004074                xPortStartScheduler

.text.vPortEnterCritical
                0x0000000000004180       0x54
 .text.vPortEnterCritical
                0x0000000000004180       0x54 ./output/port.o
                0x0000000000004180                vPortEnterCritical

.text.vPortExitCritical
                0x00000000000041d4       0x48
 .text.vPortExitCritical
                0x00000000000041d4       0x48 ./output/port.o
                0x00000000000041d4                vPortExitCritical

.text.xPortPendSVHandler
                0x0000000000004220       0x68
 .text.xPortPendSVHandler
                0x0000000000004220       0x68 ./output/port.o
                0x0000000000004220                xPortPendSVHandler

.text.xPortSysTickHandler
                0x0000000000004288       0x44
 .text.xPortSysTickHandler
                0x0000000000004288       0x44 ./output/port.o
                0x0000000000004288                xPortSysTickHandler

.text.vPortSetupTimerInterrupt
                0x00000000000042cc       0x34
 .text.vPortSetupTimerInterrupt
                0x00000000000042cc       0x34 ./output/port.o
                0x00000000000042cc                vPortSetupTimerInterrupt

.text.vPortEnableVFP
                0x0000000000004300       0x18
 .text.vPortEnableVFP
                0x0000000000004300       0x18 ./output/port.o

.text.vPortValidateInterruptPriority
                0x0000000000004318       0x68
 .text.vPortValidateInterruptPriority
                0x0000000000004318       0x68 ./output/port.o
                0x0000000000004318                vPortValidateInterruptPriority

.text.prvRecordValue_NormallyFull
                0x0000000000004380       0x3c
 .text.prvRecordValue_NormallyFull
                0x0000000000004380       0x3c ./output/IntQueue.o

.text.prvRecordValue_NormallyEmpty
                0x00000000000043bc       0x3c
 .text.prvRecordValue_NormallyEmpty
                0x00000000000043bc       0x3c ./output/IntQueue.o

.text.prvQueueAccessLogError
                0x00000000000043f8       0x28
 .text.prvQueueAccessLogError
                0x00000000000043f8       0x28 ./output/IntQueue.o

.text.xFirstTimerHandler
                0x0000000000004420      0x1b8
 .text.xFirstTimerHandler
                0x0000000000004420      0x1b8 ./output/IntQueue.o
                0x0000000000004420                xFirstTimerHandler

.text.xSecondTimerHandler
                0x00000000000045d8      0x290
 .text.xSecondTimerHandler
                0x00000000000045d8      0x290 ./output/IntQueue.o
                0x00000000000045d8                xSecondTimerHandler

.text.TIMER2_Handler
                0x0000000000004868       0x6c
 .text.TIMER2_Handler
                0x0000000000004868       0x6c ./output/IntQueueTimer.o
                0x0000000000004868                TIMER2_Handler

.text.TIMER3_Handler
                0x00000000000048d4       0x68
 .text.TIMER3_Handler
                0x00000000000048d4       0x68 ./output/IntQueueTimer.o
                0x00000000000048d4                TIMER3_Handler

.text.main      0x000000000000493c       0xb0
 .text.main     0x000000000000493c       0xb0 ./output/main.o
                0x000000000000493c                main

.text.prvQueueSendTask
                0x00000000000049ec       0x3c
 .text.prvQueueSendTask
                0x00000000000049ec       0x3c ./output/main.o

.text.prvQueueSendTimerCallback
                0x0000000000004a28       0x28
 .text.prvQueueSendTimerCallback
                0x0000000000004a28       0x28 ./output/main.o

.text.prvQueueReceiveTask
                0x0000000000004a50       0x50
 .text.prvQueueReceiveTask
                0x0000000000004a50       0x50 ./output/main.o

.text.vApplicationMallocFailedHook
                0x0000000000004aa0       0x28
 .text.vApplicationMallocFailedHook
                0x0000000000004aa0       0x28 ./output/main.o
                0x0000000000004aa0                vApplicationMallocFailedHook

.text.vApplicationStackOverflowHook
                0x0000000000004ac8       0x2c
 .text.vApplicationStackOverflowHook
                0x0000000000004ac8       0x2c ./output/main.o
                0x0000000000004ac8                vApplicationStackOverflowHook

.text.vApplicationTickHook
                0x0000000000004af4        0xe
 .text.vApplicationTickHook
                0x0000000000004af4        0xe ./output/main.o
                0x0000000000004af4                vApplicationTickHook

.text.vAssertCalled
                0x0000000000004b04       0x3c
 .text.vAssertCalled
                0x0000000000004b04       0x3c ./output/main.o
                0x0000000000004b04                vAssertCalled

.text.vApplicationGetIdleTaskMemory
                0x0000000000004b40       0x34
 .text.vApplicationGetIdleTaskMemory
                0x0000000000004b40       0x34 ./output/main.o
                0x0000000000004b40                vApplicationGetIdleTaskMemory

.text.vApplicationGetTimerTaskMemory
                0x0000000000004b74       0x34
 .text.vApplicationGetTimerTaskMemory
                0x0000000000004b74       0x34 ./output/main.o
                0x0000000000004b74                vApplicationGetTimerTaskMemory

.text.prvUARTInit
                0x0000000000004ba8       0x24
 .text.prvUARTInit
                0x0000000000004ba8       0x24 ./output/main.o

.text.Reset_Handler
                0x0000000000004bcc        0xc
 .text.Reset_Handler
                0x0000000000004bcc        0xc ./output/startup_gcc.o
                0x0000000000004bcc                Reset_Handler

.text.prvGetRegistersFromStack
                0x0000000000004bd8       0x84
 .text.prvGetRegistersFromStack
                0x0000000000004bd8       0x84 ./output/startup_gcc.o
                0x0000000000004bd8                prvGetRegistersFromStack

.text.Default_Handler
                0x0000000000004d00       0x18
 .text.Default_Handler
                0x0000000000004d00       0x18 ./output/startup_gcc.o

.text.HardFault_Handler
                0x0000000000004e00       0x1c
 .text.HardFault_Handler
                0x0000000000004e00       0x1c ./output/startup_gcc.o

.text.printchar
                0x0000000000004e1c       0x68
 .text.printchar
                0x0000000000004e1c       0x68 ./output/printf-stdarg.o

.text.prints    0x0000000000004e84       0xb6
 .text.prints   0x0000000000004e84       0xb6 ./output/printf-stdarg.o

.text.printi    0x0000000000004f3a       0xe2
 .text.printi   0x0000000000004f3a       0xe2 ./output/printf-stdarg.o

.text.tiny_print
                0x000000000000501c      0x1fc
 .text.tiny_print
                0x000000000000501c      0x1fc ./output/printf-stdarg.o

.text.printf    0x0000000000005218       0x2a
 .text.printf   0x0000000000005218       0x2a ./output/printf-stdarg.o
                0x0000000000005218                printf

.rel.dyn        0x0000000000005244        0x0
 .rel.iplt      0x0000000000005244        0x0 ./output/tasks.o

.data           0x0000000020000000       0x70
                0x0000000020000000                . = ALIGN (0x8)
                0x0000000020000000                _data = .
                0x0000000020000000                _sdata = .
 *(vtable)
 *(.data)
 .data          0x0000000020000000       0x64 /usr/lib/gcc/arm-none-eabi/9.2.1/../../../arm-none-eabi/lib/thumb/v7e-m+fp/softfp/libg_nano.a(lib_a-impure.o)
                0x0000000020000000                _impure_ptr
 .data          0x0000000020000064        0xc /usr/lib/gcc/arm-none-eabi/9.2.1/../../../arm-none-eabi/lib/thumb/v7e-m+fp/softfp/librdimon_nano.a(rdimon-syscalls.o)
                0x0000000020000064                __heap_limit
                0x0000000020000070                _edata = .

.data.uxTopUsedPriority
                0x0000000020000070        0x4
 .data.uxTopUsedPriority
                0x0000000020000070        0x4 ./output/tasks.o
                0x0000000020000070                uxTopUsedPriority

.igot.plt       0x0000000020000074        0x0
 .igot.plt      0x0000000020000074        0x0 ./output/tasks.o

.data.uxCriticalNesting
                0x0000000020000074        0x4
 .data.uxCriticalNesting
                0x0000000020000074        0x4 ./output/port.o

.data.xErrorStatus
                0x0000000020000078        0x4
 .data.xErrorStatus
                0x0000000020000078        0x4 ./output/IntQueue.o

.bss            0x000000002000007c      0x138
                0x0000000020000080                . = ALIGN (0x8)
 *fill*         0x000000002000007c        0x4 
                0x0000000020000080                _bss = .
                0x0000000020000080                _sbss = .
 *(.bss)
 .bss           0x0000000020000080        0x8 /usr/lib/gcc/arm-none-eabi/9.2.1/../../../arm-none-eabi/lib/thumb/v7e-m+fp/softfp/libg_nano.a(lib_a-nano-mallocr.o)
                0x0000000020000080                __malloc_free_list
                0x0000000020000084                __malloc_sbrk_start
 .bss           0x0000000020000088       0xb0 /usr/lib/gcc/arm-none-eabi/9.2.1/../../../arm-none-eabi/lib/thumb/v7e-m+fp/softfp/librdimon_nano.a(rdimon-syscalls.o)
                0x0000000020000138                _ebss = .
 COMMON         0x0000000020000138       0x50 ./output/queue.o
                0x0000000020000138                xQueueRegistry
 COMMON         0x0000000020000188        0x8 ./output/IntQueueTimer.o
                0x0000000020000188                ulNest
                0x000000002000018c                ulNestCount
 COMMON         0x0000000020000190       0x20 ./output/startup_gcc.o
                0x0000000020000190                r3
                0x0000000020000194                r0
                0x0000000020000198                lr
                0x000000002000019c                r2
                0x00000000200001a0                pc
                0x00000000200001a4                psr
                0x00000000200001a8                r12
                0x00000000200001ac                r1
 COMMON         0x00000000200001b0        0x4 /usr/lib/gcc/arm-none-eabi/9.2.1/../../../arm-none-eabi/lib/thumb/v7e-m+fp/softfp/libg_nano.a(lib_a-reent.o)
                0x00000000200001b0                errno

.bss.pxCurrentTCB
                0x00000000200001b4        0x4
 .bss.pxCurrentTCB
                0x00000000200001b4        0x4 ./output/tasks.o
                0x00000000200001b4                pxCurrentTCB

.bss.pxReadyTasksLists
                0x00000000200001b8       0xb4
 .bss.pxReadyTasksLists
                0x00000000200001b8       0xb4 ./output/tasks.o

.bss.xDelayedTaskList1
                0x000000002000026c       0x14
 .bss.xDelayedTaskList1
                0x000000002000026c       0x14 ./output/tasks.o

.bss.xDelayedTaskList2
                0x0000000020000280       0x14
 .bss.xDelayedTaskList2
                0x0000000020000280       0x14 ./output/tasks.o

.bss.pxDelayedTaskList
                0x0000000020000294        0x4
 .bss.pxDelayedTaskList
                0x0000000020000294        0x4 ./output/tasks.o

.bss.pxOverflowDelayedTaskList
                0x0000000020000298        0x4
 .bss.pxOverflowDelayedTaskList
                0x0000000020000298        0x4 ./output/tasks.o

.bss.xPendingReadyList
                0x000000002000029c       0x14
 .bss.xPendingReadyList
                0x000000002000029c       0x14 ./output/tasks.o

.bss.xTasksWaitingTermination
                0x00000000200002b0       0x14
 .bss.xTasksWaitingTermination
                0x00000000200002b0       0x14 ./output/tasks.o

.bss.uxDeletedTasksWaitingCleanUp
                0x00000000200002c4        0x4
 .bss.uxDeletedTasksWaitingCleanUp
                0x00000000200002c4        0x4 ./output/tasks.o

.bss.xSuspendedTaskList
                0x00000000200002c8       0x14
 .bss.xSuspendedTaskList
                0x00000000200002c8       0x14 ./output/tasks.o

.bss.uxCurrentNumberOfTasks
                0x00000000200002dc        0x4
 .bss.uxCurrentNumberOfTasks
                0x00000000200002dc        0x4 ./output/tasks.o

.bss.xTickCount
                0x00000000200002e0        0x4
 .bss.xTickCount
                0x00000000200002e0        0x4 ./output/tasks.o

.bss.uxTopReadyPriority
                0x00000000200002e4        0x4
 .bss.uxTopReadyPriority
                0x00000000200002e4        0x4 ./output/tasks.o

.bss.xSchedulerRunning
                0x00000000200002e8        0x4
 .bss.xSchedulerRunning
                0x00000000200002e8        0x4 ./output/tasks.o

.bss.xPendedTicks
                0x00000000200002ec        0x4
 .bss.xPendedTicks
                0x00000000200002ec        0x4 ./output/tasks.o

.bss.xYieldPending
                0x00000000200002f0        0x4
 .bss.xYieldPending
                0x00000000200002f0        0x4 ./output/tasks.o

.bss.xNumOfOverflows
                0x00000000200002f4        0x4
 .bss.xNumOfOverflows
                0x00000000200002f4        0x4 ./output/tasks.o

.bss.uxTaskNumber
                0x00000000200002f8        0x4
 .bss.uxTaskNumber
                0x00000000200002f8        0x4 ./output/tasks.o

.bss.xNextTaskUnblockTime
                0x00000000200002fc        0x4
 .bss.xNextTaskUnblockTime
                0x00000000200002fc        0x4 ./output/tasks.o

.bss.xIdleTaskHandle
                0x0000000020000300        0x4
 .bss.xIdleTaskHandle
                0x0000000020000300        0x4 ./output/tasks.o

.bss.uxSchedulerSuspended
                0x0000000020000304        0x4
 .bss.uxSchedulerSuspended
                0x0000000020000304        0x4 ./output/tasks.o

.bss.xActiveTimerList1
                0x0000000020000308       0x14
 .bss.xActiveTimerList1
                0x0000000020000308       0x14 ./output/timers.o

.bss.xActiveTimerList2
                0x000000002000031c       0x14
 .bss.xActiveTimerList2
                0x000000002000031c       0x14 ./output/timers.o

.bss.pxCurrentTimerList
                0x0000000020000330        0x4
 .bss.pxCurrentTimerList
                0x0000000020000330        0x4 ./output/timers.o

.bss.pxOverflowTimerList
                0x0000000020000334        0x4
 .bss.pxOverflowTimerList
                0x0000000020000334        0x4 ./output/timers.o

.bss.xTimerQueue
                0x0000000020000338        0x4
 .bss.xTimerQueue
                0x0000000020000338        0x4 ./output/timers.o

.bss.xTimerTaskHandle
                0x000000002000033c        0x4
 .bss.xTimerTaskHandle
                0x000000002000033c        0x4 ./output/timers.o

.bss.xLastTime.6402
                0x0000000020000340        0x4
 .bss.xLastTime.6402
                0x0000000020000340        0x4 ./output/timers.o

.bss.ucStaticTimerQueueStorage.6444
                0x0000000020000344      0x140
 .bss.ucStaticTimerQueueStorage.6444
                0x0000000020000344      0x140 ./output/timers.o

.bss.xStaticTimerQueue.6443
                0x0000000020000484       0x4c
 .bss.xStaticTimerQueue.6443
                0x0000000020000484       0x4c ./output/timers.o

.bss.ucHeap     0x00000000200004d0     0xf000
 .bss.ucHeap    0x00000000200004d0     0xf000 ./output/heap_4.o

.bss.xStart     0x000000002000f4d0        0x8
 .bss.xStart    0x000000002000f4d0        0x8 ./output/heap_4.o

.bss.pxEnd      0x000000002000f4d8        0x4
 .bss.pxEnd     0x000000002000f4d8        0x4 ./output/heap_4.o

.bss.xFreeBytesRemaining
                0x000000002000f4dc        0x4
 .bss.xFreeBytesRemaining
                0x000000002000f4dc        0x4 ./output/heap_4.o

.bss.xMinimumEverFreeBytesRemaining
                0x000000002000f4e0        0x4
 .bss.xMinimumEverFreeBytesRemaining
                0x000000002000f4e0        0x4 ./output/heap_4.o

.bss.xNumberOfSuccessfulAllocations
                0x000000002000f4e4        0x4
 .bss.xNumberOfSuccessfulAllocations
                0x000000002000f4e4        0x4 ./output/heap_4.o

.bss.xNumberOfSuccessfulFrees
                0x000000002000f4e8        0x4
 .bss.xNumberOfSuccessfulFrees
                0x000000002000f4e8        0x4 ./output/heap_4.o

.bss.xBlockAllocatedBit
                0x000000002000f4ec        0x4
 .bss.xBlockAllocatedBit
                0x000000002000f4ec        0x4 ./output/heap_4.o

.bss.ucMaxSysCallPriority
                0x000000002000f4f0        0x1
 .bss.ucMaxSysCallPriority
                0x000000002000f4f0        0x1 ./output/port.o

.bss.ulMaxPRIGROUPValue
                0x000000002000f4f4        0x4
 .bss.ulMaxPRIGROUPValue
                0x000000002000f4f4        0x4 ./output/port.o

.bss.xNormallyEmptyQueue
                0x000000002000f4f8        0x4
 .bss.xNormallyEmptyQueue
                0x000000002000f4f8        0x4 ./output/IntQueue.o

.bss.xNormallyFullQueue
                0x000000002000f4fc        0x4
 .bss.xNormallyFullQueue
                0x000000002000f4fc        0x4 ./output/IntQueue.o

.bss.xErrorLine
                0x000000002000f500        0x4
 .bss.xErrorLine
                0x000000002000f500        0x4 ./output/IntQueue.o

.bss.uxValueForNormallyEmptyQueue
                0x000000002000f504        0x4
 .bss.uxValueForNormallyEmptyQueue
                0x000000002000f504        0x4 ./output/IntQueue.o

.bss.uxValueForNormallyFullQueue
                0x000000002000f508        0x4
 .bss.uxValueForNormallyFullQueue
                0x000000002000f508        0x4 ./output/IntQueue.o

.bss.ucNormallyEmptyReceivedValues
                0x000000002000f50c       0xc8
 .bss.ucNormallyEmptyReceivedValues
                0x000000002000f50c       0xc8 ./output/IntQueue.o

.bss.ucNormallyFullReceivedValues
                0x000000002000f5d4       0xc8
 .bss.ucNormallyFullReceivedValues
                0x000000002000f5d4       0xc8 ./output/IntQueue.o

.bss.uxNextOperation.6080
                0x000000002000f69c        0x4
 .bss.uxNextOperation.6080
                0x000000002000f69c        0x4 ./output/IntQueue.o

.bss.uxNextOperation.6089
                0x000000002000f6a0        0x4
 .bss.uxNextOperation.6089
                0x000000002000f6a0        0x4 ./output/IntQueue.o

.bss.xQueue     0x000000002000f6a4        0x4
 .bss.xQueue    0x000000002000f6a4        0x4 ./output/main.o

.bss.xTimer     0x000000002000f6a8        0x4
 .bss.xTimer    0x000000002000f6a8        0x4 ./output/main.o

.bss.xIdleTaskTCB.6917
                0x000000002000f6ac       0x5c
 .bss.xIdleTaskTCB.6917
                0x000000002000f6ac       0x5c ./output/main.o

.bss.uxIdleTaskStack.6918
                0x000000002000f708      0x140
 .bss.uxIdleTaskStack.6918
                0x000000002000f708      0x140 ./output/main.o

.bss.xTimerTaskTCB.6924
                0x000000002000f848       0x5c
 .bss.xTimerTaskTCB.6924
                0x000000002000f848       0x5c ./output/main.o

.bss.uxTimerTaskStack.6925
                0x000000002000f8a4      0x280
 .bss.uxTimerTaskStack.6925
                0x000000002000f8a4      0x280 ./output/main.o

.heap           0x000000002000fb24      0x40c
                0x000000002000fb28                . = ALIGN (0x8)
 *fill*         0x000000002000fb24        0x4 
                0x000000002000fb28                PROVIDE (end = .)
                [!provide]                        PROVIDE (_end = .)
                0x000000002000fb28                _heap_bottom = .
                0x000000002000fb30                . = (. + _Min_Heap_Size)
 *fill*         0x000000002000fb28        0x8 
                0x000000002000fb30                _heap_top = .
                0x000000002000ff30                . = (. + _Min_Stack_Size)
 *fill*         0x000000002000fb30      0x400 
                0x000000002000ff30                . = ALIGN (0x8)
                0x0000000020400000                __StackTop = (ORIGIN (RAM) + LENGTH (RAM))
                0x00000000203ffc00                __StackLimit = (__StackTop - _Min_Stack_Size)
                [!provide]                        PROVIDE (__stack = __StackTop)
                0x0000000000000001                ASSERT ((__StackLimit >= _heap_top), region RAM overflowed with stack)
START GROUP
LOAD /usr/lib/gcc/arm-none-eabi/9.2.1/thumb/v7e-m+fp/softfp/libgcc.a
LOAD /usr/lib/gcc/arm-none-eabi/9.2.1/../../../arm-none-eabi/lib/thumb/v7e-m+fp/softfp/libg_nano.a
LOAD /usr/lib/gcc/arm-none-eabi/9.2.1/../../../arm-none-eabi/lib/thumb/v7e-m+fp/softfp/libc_nano.a
END GROUP
START GROUP
LOAD /usr/lib/gcc/arm-none-eabi/9.2.1/thumb/v7e-m+fp/softfp/libgcc.a
LOAD /usr/lib/gcc/arm-none-eabi/9.2.1/../../../arm-none-eabi/lib/thumb/v7e-m+fp/softfp/libc_nano.a
LOAD /usr/lib/gcc/arm-none-eabi/9.2.1/../../../arm-none-eabi/lib/thumb/v7e-m+fp/softfp/librdimon_nano.a
LOAD /usr/lib/gcc/arm-none-eabi/9.2.1/../../../arm-none-eabi/lib/thumb/v7e-m+fp/softfp/libnosys.a
END GROUP
START GROUP
LOAD /usr/lib/gcc/arm-none-eabi/9.2.1/thumb/v7e-m+fp/softfp/libgcc.a
LOAD /usr/lib/gcc/arm-none-eabi/9.2.1/../../../arm-none-eabi/lib/thumb/v7e-m+fp/softfp/libc_nano.a
LOAD /usr/lib/gcc/arm-none-eabi/9.2.1/../../../arm-none-eabi/lib/thumb/v7e-m+fp/softfp/libnosys.a
END GROUP
START GROUP
LOAD /usr/lib/gcc/arm-none-eabi/9.2.1/thumb/v7e-m+fp/softfp/libgcc.a
LOAD /usr/lib/gcc/arm-none-eabi/9.2.1/../../../arm-none-eabi/lib/thumb/v7e-m+fp/softfp/libc_nano.a
LOAD /usr/lib/gcc/arm-none-eabi/9.2.1/../../../arm-none-eabi/lib/thumb/v7e-m+fp/softfp/librdimon_nano.a
END GROUP
OUTPUT(./output/RTOSDemo.out elf32-littlearm)
LOAD linker stubs

.debug_info     0x0000000000000000    0x19a26
 .debug_info    0x0000000000000000     0x297f ./output/tasks.o
 .debug_info    0x000000000000297f      0xb5f ./output/list.o
 .debug_info    0x00000000000034de     0x1fda ./output/queue.o
 .debug_info    0x00000000000054b8     0x191f ./output/timers.o
 .debug_info    0x0000000000006dd7      0xcc8 ./output/heap_4.o
 .debug_info    0x0000000000007a9f      0x3c7 ./output/port.o
 .debug_info    0x0000000000007e66     0x1191 ./output/IntQueue.o
 .debug_info    0x0000000000008ff7      0x7bc ./output/IntQueueTimer.o
 .debug_info    0x00000000000097b3      0xee5 ./output/main.o
 .debug_info    0x000000000000a698      0xa44 ./output/startup_gcc.o
 .debug_info    0x000000000000b0dc      0x449 ./output/printf-stdarg.o
 .debug_info    0x000000000000b525      0xd73 /usr/lib/gcc/arm-none-eabi/9.2.1/../../../arm-none-eabi/lib/thumb/v7e-m+fp/softfp/libg_nano.a(lib_a-fflush.o)
 .debug_info    0x000000000000c298     0x11a8 /usr/lib/gcc/arm-none-eabi/9.2.1/../../../arm-none-eabi/lib/thumb/v7e-m+fp/softfp/libg_nano.a(lib_a-findfp.o)
 .debug_info    0x000000000000d440      0xca4 /usr/lib/gcc/arm-none-eabi/9.2.1/../../../arm-none-eabi/lib/thumb/v7e-m+fp/softfp/libg_nano.a(lib_a-fwalk.o)
 .debug_info    0x000000000000e0e4      0x92a /usr/lib/gcc/arm-none-eabi/9.2.1/../../../arm-none-eabi/lib/thumb/v7e-m+fp/softfp/libg_nano.a(lib_a-impure.o)
 .debug_info    0x000000000000ea0e       0x26 /usr/lib/gcc/arm-none-eabi/9.2.1/../../../arm-none-eabi/lib/thumb/v7e-m+fp/softfp/libg_nano.a(lib_a-memcpy.o)
 .debug_info    0x000000000000ea34      0xf21 /usr/lib/gcc/arm-none-eabi/9.2.1/../../../arm-none-eabi/lib/thumb/v7e-m+fp/softfp/libg_nano.a(lib_a-memset.o)
 .debug_info    0x000000000000f955      0xb85 /usr/lib/gcc/arm-none-eabi/9.2.1/../../../arm-none-eabi/lib/thumb/v7e-m+fp/softfp/libg_nano.a(lib_a-nano-freer.o)
 .debug_info    0x00000000000104da      0xc5a /usr/lib/gcc/arm-none-eabi/9.2.1/../../../arm-none-eabi/lib/thumb/v7e-m+fp/softfp/libg_nano.a(lib_a-nano-mallocr.o)
 .debug_info    0x0000000000011134      0x9fb /usr/lib/gcc/arm-none-eabi/9.2.1/../../../arm-none-eabi/lib/thumb/v7e-m+fp/softfp/libg_nano.a(lib_a-sbrkr.o)
 .debug_info    0x0000000000011b2f      0xe67 /usr/lib/gcc/arm-none-eabi/9.2.1/../../../arm-none-eabi/lib/thumb/v7e-m+fp/softfp/libg_nano.a(lib_a-stdio.o)
 .debug_info    0x0000000000012996       0x26 /usr/lib/gcc/arm-none-eabi/9.2.1/../../../arm-none-eabi/lib/thumb/v7e-m+fp/softfp/libg_nano.a(lib_a-strlen.o)
 .debug_info    0x00000000000129bc      0xa2c /usr/lib/gcc/arm-none-eabi/9.2.1/../../../arm-none-eabi/lib/thumb/v7e-m+fp/softfp/libg_nano.a(lib_a-writer.o)
 .debug_info    0x00000000000133e8      0x9d8 /usr/lib/gcc/arm-none-eabi/9.2.1/../../../arm-none-eabi/lib/thumb/v7e-m+fp/softfp/libg_nano.a(lib_a-closer.o)
 .debug_info    0x0000000000013dc0      0xa0d /usr/lib/gcc/arm-none-eabi/9.2.1/../../../arm-none-eabi/lib/thumb/v7e-m+fp/softfp/libg_nano.a(lib_a-lseekr.o)
 .debug_info    0x00000000000147cd      0x961 /usr/lib/gcc/arm-none-eabi/9.2.1/../../../arm-none-eabi/lib/thumb/v7e-m+fp/softfp/libg_nano.a(lib_a-mlock.o)
 .debug_info    0x000000000001512e      0xa25 /usr/lib/gcc/arm-none-eabi/9.2.1/../../../arm-none-eabi/lib/thumb/v7e-m+fp/softfp/libg_nano.a(lib_a-readr.o)
 .debug_info    0x0000000000015b53      0xb0f /usr/lib/gcc/arm-none-eabi/9.2.1/../../../arm-none-eabi/lib/thumb/v7e-m+fp/softfp/libg_nano.a(lib_a-reent.o)
 .debug_info    0x0000000000016662     0x2a71 /usr/lib/gcc/arm-none-eabi/9.2.1/../../../arm-none-eabi/lib/thumb/v7e-m+fp/softfp/librdimon_nano.a(rdimon-syscalls.o)
 .debug_info    0x00000000000190d3      0x953 /usr/lib/gcc/arm-none-eabi/9.2.1/../../../arm-none-eabi/lib/thumb/v7e-m+fp/softfp/libc_nano.a(lib_a-errno.o)

.debug_abbrev   0x0000000000000000     0x4589
 .debug_abbrev  0x0000000000000000      0x3f4 ./output/tasks.o
 .debug_abbrev  0x00000000000003f4      0x235 ./output/list.o
 .debug_abbrev  0x0000000000000629      0x335 ./output/queue.o
 .debug_abbrev  0x000000000000095e      0x2db ./output/timers.o
 .debug_abbrev  0x0000000000000c39      0x2cb ./output/heap_4.o
 .debug_abbrev  0x0000000000000f04      0x207 ./output/port.o
 .debug_abbrev  0x000000000000110b      0x344 ./output/IntQueue.o
 .debug_abbrev  0x000000000000144f      0x17e ./output/IntQueueTimer.o
 .debug_abbrev  0x00000000000015cd      0x317 ./output/main.o
 .debug_abbrev  0x00000000000018e4      0x244 ./output/startup_gcc.o
 .debug_abbrev  0x0000000000001b28      0x163 ./output/printf-stdarg.o
 .debug_abbrev  0x0000000000001c8b      0x2e4 /usr/lib/gcc/arm-none-eabi/9.2.1/../../../arm-none-eabi/lib/thumb/v7e-m+fp/softfp/libg_nano.a(lib_a-fflush.o)
 .debug_abbrev  0x0000000000001f6f      0x3dc /usr/lib/gcc/arm-none-eabi/9.2.1/../../../arm-none-eabi/lib/thumb/v7e-m+fp/softfp/libg_nano.a(lib_a-findfp.o)
 .debug_abbrev  0x000000000000234b      0x210 /usr/lib/gcc/arm-none-eabi/9.2.1/../../../arm-none-eabi/lib/thumb/v7e-m+fp/softfp/libg_nano.a(lib_a-fwalk.o)
 .debug_abbrev  0x000000000000255b      0x17a /usr/lib/gcc/arm-none-eabi/9.2.1/../../../arm-none-eabi/lib/thumb/v7e-m+fp/softfp/libg_nano.a(lib_a-impure.o)
 .debug_abbrev  0x00000000000026d5       0x14 /usr/lib/gcc/arm-none-eabi/9.2.1/../../../arm-none-eabi/lib/thumb/v7e-m+fp/softfp/libg_nano.a(lib_a-memcpy.o)
 .debug_abbrev  0x00000000000026e9      0x1d9 /usr/lib/gcc/arm-none-eabi/9.2.1/../../../arm-none-eabi/lib/thumb/v7e-m+fp/softfp/libg_nano.a(lib_a-memset.o)
 .debug_abbrev  0x00000000000028c2      0x286 /usr/lib/gcc/arm-none-eabi/9.2.1/../../../arm-none-eabi/lib/thumb/v7e-m+fp/softfp/libg_nano.a(lib_a-nano-freer.o)
 .debug_abbrev  0x0000000000002b48      0x2d1 /usr/lib/gcc/arm-none-eabi/9.2.1/../../../arm-none-eabi/lib/thumb/v7e-m+fp/softfp/libg_nano.a(lib_a-nano-mallocr.o)
 .debug_abbrev  0x0000000000002e19      0x212 /usr/lib/gcc/arm-none-eabi/9.2.1/../../../arm-none-eabi/lib/thumb/v7e-m+fp/softfp/libg_nano.a(lib_a-sbrkr.o)
 .debug_abbrev  0x000000000000302b      0x26f /usr/lib/gcc/arm-none-eabi/9.2.1/../../../arm-none-eabi/lib/thumb/v7e-m+fp/softfp/libg_nano.a(lib_a-stdio.o)
 .debug_abbrev  0x000000000000329a       0x14 /usr/lib/gcc/arm-none-eabi/9.2.1/../../../arm-none-eabi/lib/thumb/v7e-m+fp/softfp/libg_nano.a(lib_a-strlen.o)
 .debug_abbrev  0x00000000000032ae      0x1ec /usr/lib/gcc/arm-none-eabi/9.2.1/../../../arm-none-eabi/lib/thumb/v7e-m+fp/softfp/libg_nano.a(lib_a-writer.o)
 .debug_abbrev  0x000000000000349a      0x1e7 /usr/lib/gcc/arm-none-eabi/9.2.1/../../../arm-none-eabi/lib/thumb/v7e-m+fp/softfp/libg_nano.a(lib_a-closer.o)
 .debug_abbrev  0x0000000000003681      0x1fb /usr/lib/gcc/arm-none-eabi/9.2.1/../../../arm-none-eabi/lib/thumb/v7e-m+fp/softfp/libg_nano.a(lib_a-lseekr.o)
 .debug_abbrev  0x000000000000387c      0x1c5 /usr/lib/gcc/arm-none-eabi/9.2.1/../../../arm-none-eabi/lib/thumb/v7e-m+fp/softfp/libg_nano.a(lib_a-mlock.o)
 .debug_abbrev  0x0000000000003a41      0x1e7 /usr/lib/gcc/arm-none-eabi/9.2.1/../../../arm-none-eabi/lib/thumb/v7e-m+fp/softfp/libg_nano.a(lib_a-readr.o)
 .debug_abbrev  0x0000000000003c28      0x268 /usr/lib/gcc/arm-none-eabi/9.2.1/../../../arm-none-eabi/lib/thumb/v7e-m+fp/softfp/libg_nano.a(lib_a-reent.o)
 .debug_abbrev  0x0000000000003e90      0x561 /usr/lib/gcc/arm-none-eabi/9.2.1/../../../arm-none-eabi/lib/thumb/v7e-m+fp/softfp/librdimon_nano.a(rdimon-syscalls.o)
 .debug_abbrev  0x00000000000043f1      0x198 /usr/lib/gcc/arm-none-eabi/9.2.1/../../../arm-none-eabi/lib/thumb/v7e-m+fp/softfp/libc_nano.a(lib_a-errno.o)

.debug_aranges  0x0000000000000000      0x9a0
 .debug_aranges
                0x0000000000000000      0x200 ./output/tasks.o
 .debug_aranges
                0x0000000000000200       0x40 ./output/list.o
 .debug_aranges
                0x0000000000000240      0x170 ./output/queue.o
 .debug_aranges
                0x00000000000003b0       0xe8 ./output/timers.o
 .debug_aranges
                0x0000000000000498       0x58 ./output/heap_4.o
 .debug_aranges
                0x00000000000004f0       0x80 ./output/port.o
 .debug_aranges
                0x0000000000000570       0x78 ./output/IntQueue.o
 .debug_aranges
                0x00000000000005e8       0x40 ./output/IntQueueTimer.o
 .debug_aranges
                0x0000000000000628       0x90 ./output/main.o
 .debug_aranges
                0x00000000000006b8       0x38 ./output/startup_gcc.o
 .debug_aranges
                0x00000000000006f0       0x58 ./output/printf-stdarg.o
 .debug_aranges
                0x0000000000000748       0x20 /usr/lib/gcc/arm-none-eabi/9.2.1/../../../arm-none-eabi/lib/thumb/v7e-m+fp/softfp/libg_nano.a(lib_a-fflush.o)
 .debug_aranges
                0x0000000000000768       0x20 /usr/lib/gcc/arm-none-eabi/9.2.1/../../../arm-none-eabi/lib/thumb/v7e-m+fp/softfp/libg_nano.a(lib_a-findfp.o)
 .debug_aranges
                0x0000000000000788       0x20 /usr/lib/gcc/arm-none-eabi/9.2.1/../../../arm-none-eabi/lib/thumb/v7e-m+fp/softfp/libg_nano.a(lib_a-fwalk.o)
 .debug_aranges
                0x00000000000007a8       0x18 /usr/lib/gcc/arm-none-eabi/9.2.1/../../../arm-none-eabi/lib/thumb/v7e-m+fp/softfp/libg_nano.a(lib_a-impure.o)
 .debug_aranges
                0x00000000000007c0       0x20 /usr/lib/gcc/arm-none-eabi/9.2.1/../../../arm-none-eabi/lib/thumb/v7e-m+fp/softfp/libg_nano.a(lib_a-memcpy.o)
 .debug_aranges
                0x00000000000007e0       0x20 /usr/lib/gcc/arm-none-eabi/9.2.1/../../../arm-none-eabi/lib/thumb/v7e-m+fp/softfp/libg_nano.a(lib_a-memset.o)
 .debug_aranges
                0x0000000000000800       0x20 /usr/lib/gcc/arm-none-eabi/9.2.1/../../../arm-none-eabi/lib/thumb/v7e-m+fp/softfp/libg_nano.a(lib_a-nano-freer.o)
 .debug_aranges
                0x0000000000000820       0x20 /usr/lib/gcc/arm-none-eabi/9.2.1/../../../arm-none-eabi/lib/thumb/v7e-m+fp/softfp/libg_nano.a(lib_a-nano-mallocr.o)
 .debug_aranges
                0x0000000000000840       0x20 /usr/lib/gcc/arm-none-eabi/9.2.1/../../../arm-none-eabi/lib/thumb/v7e-m+fp/softfp/libg_nano.a(lib_a-sbrkr.o)
 .debug_aranges
                0x0000000000000860       0x20 /usr/lib/gcc/arm-none-eabi/9.2.1/../../../arm-none-eabi/lib/thumb/v7e-m+fp/softfp/libg_nano.a(lib_a-stdio.o)
 .debug_aranges
                0x0000000000000880       0x20 /usr/lib/gcc/arm-none-eabi/9.2.1/../../../arm-none-eabi/lib/thumb/v7e-m+fp/softfp/libg_nano.a(lib_a-strlen.o)
 .debug_aranges
                0x00000000000008a0       0x20 /usr/lib/gcc/arm-none-eabi/9.2.1/../../../arm-none-eabi/lib/thumb/v7e-m+fp/softfp/libg_nano.a(lib_a-writer.o)
 .debug_aranges
                0x00000000000008c0       0x20 /usr/lib/gcc/arm-none-eabi/9.2.1/../../../arm-none-eabi/lib/thumb/v7e-m+fp/softfp/libg_nano.a(lib_a-closer.o)
 .debug_aranges
                0x00000000000008e0       0x20 /usr/lib/gcc/arm-none-eabi/9.2.1/../../../arm-none-eabi/lib/thumb/v7e-m+fp/softfp/libg_nano.a(lib_a-lseekr.o)
 .debug_aranges
                0x0000000000000900       0x20 /usr/lib/gcc/arm-none-eabi/9.2.1/../../../arm-none-eabi/lib/thumb/v7e-m+fp/softfp/libg_nano.a(lib_a-mlock.o)
 .debug_aranges
                0x0000000000000920       0x20 /usr/lib/gcc/arm-none-eabi/9.2.1/../../../arm-none-eabi/lib/thumb/v7e-m+fp/softfp/libg_nano.a(lib_a-readr.o)
 .debug_aranges
                0x0000000000000940       0x20 /usr/lib/gcc/arm-none-eabi/9.2.1/../../../arm-none-eabi/lib/thumb/v7e-m+fp/softfp/libg_nano.a(lib_a-reent.o)
 .debug_aranges
                0x0000000000000960       0x20 /usr/lib/gcc/arm-none-eabi/9.2.1/../../../arm-none-eabi/lib/thumb/v7e-m+fp/softfp/librdimon_nano.a(rdimon-syscalls.o)
 .debug_aranges
                0x0000000000000980       0x20 /usr/lib/gcc/arm-none-eabi/9.2.1/../../../arm-none-eabi/lib/thumb/v7e-m+fp/softfp/libc_nano.a(lib_a-errno.o)

.debug_ranges   0x0000000000000000      0xd78
 .debug_ranges  0x0000000000000000      0x1f0 ./output/tasks.o
 .debug_ranges  0x00000000000001f0       0x30 ./output/list.o
 .debug_ranges  0x0000000000000220      0x160 ./output/queue.o
 .debug_ranges  0x0000000000000380       0xd8 ./output/timers.o
 .debug_ranges  0x0000000000000458       0x48 ./output/heap_4.o
 .debug_ranges  0x00000000000004a0       0x70 ./output/port.o
 .debug_ranges  0x0000000000000510       0x68 ./output/IntQueue.o
 .debug_ranges  0x0000000000000578       0x30 ./output/IntQueueTimer.o
 .debug_ranges  0x00000000000005a8       0x80 ./output/main.o
 .debug_ranges  0x0000000000000628       0x28 ./output/startup_gcc.o
 .debug_ranges  0x0000000000000650       0x48 ./output/printf-stdarg.o
 .debug_ranges  0x0000000000000698       0x68 /usr/lib/gcc/arm-none-eabi/9.2.1/../../../arm-none-eabi/lib/thumb/v7e-m+fp/softfp/libg_nano.a(lib_a-fflush.o)
 .debug_ranges  0x0000000000000700       0xe8 /usr/lib/gcc/arm-none-eabi/9.2.1/../../../arm-none-eabi/lib/thumb/v7e-m+fp/softfp/libg_nano.a(lib_a-findfp.o)
 .debug_ranges  0x00000000000007e8       0x18 /usr/lib/gcc/arm-none-eabi/9.2.1/../../../arm-none-eabi/lib/thumb/v7e-m+fp/softfp/libg_nano.a(lib_a-nano-freer.o)
 .debug_ranges  0x0000000000000800       0x38 /usr/lib/gcc/arm-none-eabi/9.2.1/../../../arm-none-eabi/lib/thumb/v7e-m+fp/softfp/libg_nano.a(lib_a-nano-mallocr.o)
 .debug_ranges  0x0000000000000838      0x540 /usr/lib/gcc/arm-none-eabi/9.2.1/../../../arm-none-eabi/lib/thumb/v7e-m+fp/softfp/librdimon_nano.a(rdimon-syscalls.o)

.debug_macro    0x0000000000000000    0x190b4
 .debug_macro   0x0000000000000000      0x312 ./output/tasks.o
 .debug_macro   0x0000000000000312      0xa96 ./output/tasks.o
 .debug_macro   0x0000000000000da8       0x18 ./output/tasks.o
 .debug_macro   0x0000000000000dc0       0x22 ./output/tasks.o
 .debug_macro   0x0000000000000de2       0x52 ./output/tasks.o
 .debug_macro   0x0000000000000e34       0x94 ./output/tasks.o
 .debug_macro   0x0000000000000ec8       0x35 ./output/tasks.o
 .debug_macro   0x0000000000000efd       0x34 ./output/tasks.o
 .debug_macro   0x0000000000000f31       0x16 ./output/tasks.o
 .debug_macro   0x0000000000000f47      0x10e ./output/tasks.o
 .debug_macro   0x0000000000001055       0x8d ./output/tasks.o
 .debug_macro   0x00000000000010e2       0x16 ./output/tasks.o
 .debug_macro   0x00000000000010f8       0x43 ./output/tasks.o
 .debug_macro   0x000000000000113b       0x57 ./output/tasks.o
 .debug_macro   0x0000000000001192       0x34 ./output/tasks.o
 .debug_macro   0x00000000000011c6       0x10 ./output/tasks.o
 .debug_macro   0x00000000000011d6       0x52 ./output/tasks.o
 .debug_macro   0x0000000000001228      0x182 ./output/tasks.o
 .debug_macro   0x00000000000013aa      0x339 ./output/tasks.o
 .debug_macro   0x00000000000016e3       0x16 ./output/tasks.o
 .debug_macro   0x00000000000016f9       0x29 ./output/tasks.o
 .debug_macro   0x0000000000001722       0x16 ./output/tasks.o
 .debug_macro   0x0000000000001738       0x35 ./output/tasks.o
 .debug_macro   0x000000000000176d      0x34e ./output/tasks.o
 .debug_macro   0x0000000000001abb      0x14e ./output/tasks.o
 .debug_macro   0x0000000000001c09      0x15a ./output/tasks.o
 .debug_macro   0x0000000000001d63       0xe4 ./output/tasks.o
 .debug_macro   0x0000000000001e47       0x28 ./output/tasks.o
 .debug_macro   0x0000000000001e6f       0x1f ./output/tasks.o
 .debug_macro   0x0000000000001e8e       0x12 ./output/tasks.o
 .debug_macro   0x0000000000001ea0      0x4b7 ./output/tasks.o
 .debug_macro   0x0000000000002357       0xc3 ./output/tasks.o
 .debug_macro   0x000000000000241a      0x120 ./output/tasks.o
 .debug_macro   0x000000000000253a       0x91 ./output/tasks.o
 .debug_macro   0x00000000000025cb       0x16 ./output/tasks.o
 .debug_macro   0x00000000000025e1       0x1c ./output/tasks.o
 .debug_macro   0x00000000000025fd       0x10 ./output/tasks.o
 .debug_macro   0x000000000000260d       0x10 ./output/tasks.o
 .debug_macro   0x000000000000261d       0x6a ./output/tasks.o
 .debug_macro   0x0000000000002687       0x1c ./output/tasks.o
 .debug_macro   0x00000000000026a3       0x52 ./output/tasks.o
 .debug_macro   0x00000000000026f5       0x22 ./output/tasks.o
 .debug_macro   0x0000000000002717       0x10 ./output/tasks.o
 .debug_macro   0x0000000000002727       0x40 ./output/tasks.o
 .debug_macro   0x0000000000002767       0xd5 ./output/tasks.o
 .debug_macro   0x000000000000283c       0x1c ./output/tasks.o
 .debug_macro   0x0000000000002858       0x3d ./output/tasks.o
 .debug_macro   0x0000000000002895       0x16 ./output/tasks.o
 .debug_macro   0x00000000000028ab      0x16f ./output/tasks.o
 .debug_macro   0x0000000000002a1a      0x167 ./output/list.o
 .debug_macro   0x0000000000002b81      0x1eb ./output/queue.o
 .debug_macro   0x0000000000002d6c       0x87 ./output/queue.o
 .debug_macro   0x0000000000002df3      0x1b6 ./output/timers.o
 .debug_macro   0x0000000000002fa9       0x97 ./output/timers.o
 .debug_macro   0x0000000000003040      0x182 ./output/heap_4.o
 .debug_macro   0x00000000000031c2      0x152 ./output/port.o
 .debug_macro   0x0000000000003314      0x1f0 ./output/IntQueue.o
 .debug_macro   0x0000000000003504       0xe5 ./output/IntQueueTimer.o
 .debug_macro   0x00000000000035e9       0x2f ./output/IntQueueTimer.o
 .debug_macro   0x0000000000003618       0x1c ./output/IntQueueTimer.o
 .debug_macro   0x0000000000003634       0x22 ./output/IntQueueTimer.o
 .debug_macro   0x0000000000003656       0xf8 ./output/IntQueueTimer.o
 .debug_macro   0x000000000000374e     0x1011 ./output/IntQueueTimer.o
 .debug_macro   0x000000000000475f      0x11f ./output/IntQueueTimer.o
 .debug_macro   0x000000000000487e    0x1411d ./output/IntQueueTimer.o
 .debug_macro   0x000000000001899b      0x29b ./output/main.o
 .debug_macro   0x0000000000018c36       0x8d ./output/main.o
 .debug_macro   0x0000000000018cc3       0x16 ./output/main.o
 .debug_macro   0x0000000000018cd9      0x1b1 ./output/startup_gcc.o
 .debug_macro   0x0000000000018e8a       0x97 ./output/startup_gcc.o
 .debug_macro   0x0000000000018f21       0xfd ./output/startup_gcc.o
 .debug_macro   0x000000000001901e       0x3e ./output/printf-stdarg.o
 .debug_macro   0x000000000001905c       0x58 ./output/printf-stdarg.o

.debug_line     0x0000000000000000     0x8f8c
 .debug_line    0x0000000000000000     0x187c ./output/tasks.o
 .debug_line    0x000000000000187c      0x394 ./output/list.o
 .debug_line    0x0000000000001c10     0x129e ./output/queue.o
 .debug_line    0x0000000000002eae      0x871 ./output/timers.o
 .debug_line    0x000000000000371f      0x5ad ./output/heap_4.o
 .debug_line    0x0000000000003ccc      0x406 ./output/port.o
 .debug_line    0x00000000000040d2      0x848 ./output/IntQueue.o
 .debug_line    0x000000000000491a      0x3ab ./output/IntQueueTimer.o
 .debug_line    0x0000000000004cc5      0x5ba ./output/main.o
 .debug_line    0x000000000000527f      0x2cb ./output/startup_gcc.o
 .debug_line    0x000000000000554a      0x3e1 ./output/printf-stdarg.o
 .debug_line    0x000000000000592b      0x418 /usr/lib/gcc/arm-none-eabi/9.2.1/../../../arm-none-eabi/lib/thumb/v7e-m+fp/softfp/libg_nano.a(lib_a-fflush.o)
 .debug_line    0x0000000000005d43      0x561 /usr/lib/gcc/arm-none-eabi/9.2.1/../../../arm-none-eabi/lib/thumb/v7e-m+fp/softfp/libg_nano.a(lib_a-findfp.o)
 .debug_line    0x00000000000062a4      0x289 /usr/lib/gcc/arm-none-eabi/9.2.1/../../../arm-none-eabi/lib/thumb/v7e-m+fp/softfp/libg_nano.a(lib_a-fwalk.o)
 .debug_line    0x000000000000652d       0xe3 /usr/lib/gcc/arm-none-eabi/9.2.1/../../../arm-none-eabi/lib/thumb/v7e-m+fp/softfp/libg_nano.a(lib_a-impure.o)
 .debug_line    0x0000000000006610       0xbe /usr/lib/gcc/arm-none-eabi/9.2.1/../../../arm-none-eabi/lib/thumb/v7e-m+fp/softfp/libg_nano.a(lib_a-memcpy.o)
 .debug_line    0x00000000000066ce      0x26b /usr/lib/gcc/arm-none-eabi/9.2.1/../../../arm-none-eabi/lib/thumb/v7e-m+fp/softfp/libg_nano.a(lib_a-memset.o)
 .debug_line    0x0000000000006939      0x2af /usr/lib/gcc/arm-none-eabi/9.2.1/../../../arm-none-eabi/lib/thumb/v7e-m+fp/softfp/libg_nano.a(lib_a-nano-freer.o)
 .debug_line    0x0000000000006be8      0x2f2 /usr/lib/gcc/arm-none-eabi/9.2.1/../../../arm-none-eabi/lib/thumb/v7e-m+fp/softfp/libg_nano.a(lib_a-nano-mallocr.o)
 .debug_line    0x0000000000006eda      0x182 /usr/lib/gcc/arm-none-eabi/9.2.1/../../../arm-none-eabi/lib/thumb/v7e-m+fp/softfp/libg_nano.a(lib_a-sbrkr.o)
 .debug_line    0x000000000000705c      0x25f /usr/lib/gcc/arm-none-eabi/9.2.1/../../../arm-none-eabi/lib/thumb/v7e-m+fp/softfp/libg_nano.a(lib_a-stdio.o)
 .debug_line    0x00000000000072bb       0xaf /usr/lib/gcc/arm-none-eabi/9.2.1/../../../arm-none-eabi/lib/thumb/v7e-m+fp/softfp/libg_nano.a(lib_a-strlen.o)
 .debug_line    0x000000000000736a      0x188 /usr/lib/gcc/arm-none-eabi/9.2.1/../../../arm-none-eabi/lib/thumb/v7e-m+fp/softfp/libg_nano.a(lib_a-writer.o)
 .debug_line    0x00000000000074f2      0x182 /usr/lib/gcc/arm-none-eabi/9.2.1/../../../arm-none-eabi/lib/thumb/v7e-m+fp/softfp/libg_nano.a(lib_a-closer.o)
 .debug_line    0x0000000000007674      0x188 /usr/lib/gcc/arm-none-eabi/9.2.1/../../../arm-none-eabi/lib/thumb/v7e-m+fp/softfp/libg_nano.a(lib_a-lseekr.o)
 .debug_line    0x00000000000077fc      0x13d /usr/lib/gcc/arm-none-eabi/9.2.1/../../../arm-none-eabi/lib/thumb/v7e-m+fp/softfp/libg_nano.a(lib_a-mlock.o)
 .debug_line    0x0000000000007939      0x187 /usr/lib/gcc/arm-none-eabi/9.2.1/../../../arm-none-eabi/lib/thumb/v7e-m+fp/softfp/libg_nano.a(lib_a-readr.o)
 .debug_line    0x0000000000007ac0      0x275 /usr/lib/gcc/arm-none-eabi/9.2.1/../../../arm-none-eabi/lib/thumb/v7e-m+fp/softfp/libg_nano.a(lib_a-reent.o)
 .debug_line    0x0000000000007d35     0x114f /usr/lib/gcc/arm-none-eabi/9.2.1/../../../arm-none-eabi/lib/thumb/v7e-m+fp/softfp/librdimon_nano.a(rdimon-syscalls.o)
 .debug_line    0x0000000000008e84      0x108 /usr/lib/gcc/arm-none-eabi/9.2.1/../../../arm-none-eabi/lib/thumb/v7e-m+fp/softfp/libc_nano.a(lib_a-errno.o)

.debug_str      0x0000000000000000    0x8ba76
 .debug_str     0x0000000000000000     0xe728 ./output/tasks.o
                                       0xeb3b (size before relaxing)
 .debug_str     0x000000000000e728       0xa7 ./output/list.o
                                       0xa85f (size before relaxing)
 .debug_str     0x000000000000e7cf     0x1180 ./output/queue.o
                                       0xcdc3 (size before relaxing)
 .debug_str     0x000000000000f94f      0x654 ./output/timers.o
                                       0xd2aa (size before relaxing)
 .debug_str     0x000000000000ffa3      0x329 ./output/heap_4.o
                                       0xbccd (size before relaxing)
 .debug_str     0x00000000000102cc      0x81a ./output/port.o
                                       0x933d (size before relaxing)
 .debug_str     0x0000000000010ae6      0xb11 ./output/IntQueue.o
                                       0xcc6b (size before relaxing)
 .debug_str     0x00000000000115f7    0x7894c ./output/IntQueueTimer.o
                                      0x7f707 (size before relaxing)
 .debug_str     0x0000000000089f43      0x4f7 ./output/main.o
                                       0xdfa7 (size before relaxing)
 .debug_str     0x000000000008a43a      0x154 ./output/startup_gcc.o
                                       0x7bb3 (size before relaxing)
 .debug_str     0x000000000008a58e      0x1fb ./output/printf-stdarg.o
                                       0x3077 (size before relaxing)
 .debug_str     0x000000000008a789      0x335 /usr/lib/gcc/arm-none-eabi/9.2.1/../../../arm-none-eabi/lib/thumb/v7e-m+fp/softfp/libg_nano.a(lib_a-fflush.o)
                                        0x79a (size before relaxing)
 .debug_str     0x000000000008aabe      0x175 /usr/lib/gcc/arm-none-eabi/9.2.1/../../../arm-none-eabi/lib/thumb/v7e-m+fp/softfp/libg_nano.a(lib_a-findfp.o)
                                        0x8aa (size before relaxing)
 .debug_str     0x000000000008ac33       0x41 /usr/lib/gcc/arm-none-eabi/9.2.1/../../../arm-none-eabi/lib/thumb/v7e-m+fp/softfp/libg_nano.a(lib_a-fwalk.o)
                                        0x75e (size before relaxing)
 .debug_str     0x000000000008ac74       0xa2 /usr/lib/gcc/arm-none-eabi/9.2.1/../../../arm-none-eabi/lib/thumb/v7e-m+fp/softfp/libg_nano.a(lib_a-impure.o)
                                        0x5e8 (size before relaxing)
 .debug_str     0x000000000008ad16       0xb8 /usr/lib/gcc/arm-none-eabi/9.2.1/../../../arm-none-eabi/lib/thumb/v7e-m+fp/softfp/libg_nano.a(lib_a-memcpy.o)
 .debug_str     0x000000000008adce      0x30f /usr/lib/gcc/arm-none-eabi/9.2.1/../../../arm-none-eabi/lib/thumb/v7e-m+fp/softfp/libg_nano.a(lib_a-memset.o)
                                        0x915 (size before relaxing)
 .debug_str     0x000000000008b0dd      0x184 /usr/lib/gcc/arm-none-eabi/9.2.1/../../../arm-none-eabi/lib/thumb/v7e-m+fp/softfp/libg_nano.a(lib_a-nano-freer.o)
                                        0x718 (size before relaxing)
 .debug_str     0x000000000008b261       0x32 /usr/lib/gcc/arm-none-eabi/9.2.1/../../../arm-none-eabi/lib/thumb/v7e-m+fp/softfp/libg_nano.a(lib_a-nano-mallocr.o)
                                        0x72f (size before relaxing)
 .debug_str     0x000000000008b293       0x3d /usr/lib/gcc/arm-none-eabi/9.2.1/../../../arm-none-eabi/lib/thumb/v7e-m+fp/softfp/libg_nano.a(lib_a-sbrkr.o)
                                        0x62b (size before relaxing)
 .debug_str     0x000000000008b2d0       0x92 /usr/lib/gcc/arm-none-eabi/9.2.1/../../../arm-none-eabi/lib/thumb/v7e-m+fp/softfp/libg_nano.a(lib_a-stdio.o)
                                        0x7b2 (size before relaxing)
 .debug_str     0x000000000008b362       0x42 /usr/lib/gcc/arm-none-eabi/9.2.1/../../../arm-none-eabi/lib/thumb/v7e-m+fp/softfp/libg_nano.a(lib_a-strlen.o)
                                         0xb7 (size before relaxing)
 .debug_str     0x000000000008b3a4       0x33 /usr/lib/gcc/arm-none-eabi/9.2.1/../../../arm-none-eabi/lib/thumb/v7e-m+fp/softfp/libg_nano.a(lib_a-writer.o)
                                        0x628 (size before relaxing)
 .debug_str     0x000000000008b3d7       0x33 /usr/lib/gcc/arm-none-eabi/9.2.1/../../../arm-none-eabi/lib/thumb/v7e-m+fp/softfp/libg_nano.a(lib_a-closer.o)
                                        0x618 (size before relaxing)
 .debug_str     0x000000000008b40a       0x3a /usr/lib/gcc/arm-none-eabi/9.2.1/../../../arm-none-eabi/lib/thumb/v7e-m+fp/softfp/libg_nano.a(lib_a-lseekr.o)
                                        0x626 (size before relaxing)
 .debug_str     0x000000000008b444       0x4c /usr/lib/gcc/arm-none-eabi/9.2.1/../../../arm-none-eabi/lib/thumb/v7e-m+fp/softfp/libg_nano.a(lib_a-mlock.o)
                                        0x614 (size before relaxing)
 .debug_str     0x000000000008b490       0x32 /usr/lib/gcc/arm-none-eabi/9.2.1/../../../arm-none-eabi/lib/thumb/v7e-m+fp/softfp/libg_nano.a(lib_a-readr.o)
                                        0x626 (size before relaxing)
 .debug_str     0x000000000008b4c2       0x5e /usr/lib/gcc/arm-none-eabi/9.2.1/../../../arm-none-eabi/lib/thumb/v7e-m+fp/softfp/libg_nano.a(lib_a-reent.o)
                                        0x624 (size before relaxing)
 .debug_str     0x000000000008b520      0x4c1 /usr/lib/gcc/arm-none-eabi/9.2.1/../../../arm-none-eabi/lib/thumb/v7e-m+fp/softfp/librdimon_nano.a(rdimon-syscalls.o)
                                        0xab0 (size before relaxing)
 .debug_str     0x000000000008b9e1       0x95 /usr/lib/gcc/arm-none-eabi/9.2.1/../../../arm-none-eabi/lib/thumb/v7e-m+fp/softfp/libc_nano.a(lib_a-errno.o)
                                        0x5fa (size before relaxing)

.comment        0x0000000000000000       0xa7
 .comment       0x0000000000000000       0x59 ./output/tasks.o
                                         0x5a (size before relaxing)
 .comment       0x0000000000000059       0x5a ./output/list.o
 .comment       0x0000000000000059       0x5a ./output/queue.o
 .comment       0x0000000000000059       0x5a ./output/timers.o
 .comment       0x0000000000000059       0x5a ./output/heap_4.o
 .comment       0x0000000000000059       0x5a ./output/port.o
 .comment       0x0000000000000059       0x5a ./output/IntQueue.o
 .comment       0x0000000000000059       0x5a ./output/IntQueueTimer.o
 .comment       0x0000000000000059       0x5a ./output/main.o
 .comment       0x0000000000000059       0x5a ./output/startup_gcc.o
 .comment       0x0000000000000059       0x5a ./output/printf-stdarg.o
 .comment       0x0000000000000059       0x4e /usr/lib/gcc/arm-none-eabi/9.2.1/../../../arm-none-eabi/lib/thumb/v7e-m+fp/softfp/libg_nano.a(lib_a-fflush.o)
                                         0x4f (size before relaxing)
 .comment       0x00000000000000a7       0x4f /usr/lib/gcc/arm-none-eabi/9.2.1/../../../arm-none-eabi/lib/thumb/v7e-m+fp/softfp/libg_nano.a(lib_a-findfp.o)
 .comment       0x00000000000000a7       0x4f /usr/lib/gcc/arm-none-eabi/9.2.1/../../../arm-none-eabi/lib/thumb/v7e-m+fp/softfp/libg_nano.a(lib_a-fwalk.o)
 .comment       0x00000000000000a7       0x4f /usr/lib/gcc/arm-none-eabi/9.2.1/../../../arm-none-eabi/lib/thumb/v7e-m+fp/softfp/libg_nano.a(lib_a-impure.o)
 .comment       0x00000000000000a7       0x4f /usr/lib/gcc/arm-none-eabi/9.2.1/../../../arm-none-eabi/lib/thumb/v7e-m+fp/softfp/libg_nano.a(lib_a-memset.o)
 .comment       0x00000000000000a7       0x4f /usr/lib/gcc/arm-none-eabi/9.2.1/../../../arm-none-eabi/lib/thumb/v7e-m+fp/softfp/libg_nano.a(lib_a-nano-freer.o)
 .comment       0x00000000000000a7       0x4f /usr/lib/gcc/arm-none-eabi/9.2.1/../../../arm-none-eabi/lib/thumb/v7e-m+fp/softfp/libg_nano.a(lib_a-nano-mallocr.o)
 .comment       0x00000000000000a7       0x4f /usr/lib/gcc/arm-none-eabi/9.2.1/../../../arm-none-eabi/lib/thumb/v7e-m+fp/softfp/libg_nano.a(lib_a-sbrkr.o)
 .comment       0x00000000000000a7       0x4f /usr/lib/gcc/arm-none-eabi/9.2.1/../../../arm-none-eabi/lib/thumb/v7e-m+fp/softfp/libg_nano.a(lib_a-stdio.o)
 .comment       0x00000000000000a7       0x4f /usr/lib/gcc/arm-none-eabi/9.2.1/../../../arm-none-eabi/lib/thumb/v7e-m+fp/softfp/libg_nano.a(lib_a-writer.o)
 .comment       0x00000000000000a7       0x4f /usr/lib/gcc/arm-none-eabi/9.2.1/../../../arm-none-eabi/lib/thumb/v7e-m+fp/softfp/libg_nano.a(lib_a-closer.o)
 .comment       0x00000000000000a7       0x4f /usr/lib/gcc/arm-none-eabi/9.2.1/../../../arm-none-eabi/lib/thumb/v7e-m+fp/softfp/libg_nano.a(lib_a-lseekr.o)
 .comment       0x00000000000000a7       0x4f /usr/lib/gcc/arm-none-eabi/9.2.1/../../../arm-none-eabi/lib/thumb/v7e-m+fp/softfp/libg_nano.a(lib_a-mlock.o)
 .comment       0x00000000000000a7       0x4f /usr/lib/gcc/arm-none-eabi/9.2.1/../../../arm-none-eabi/lib/thumb/v7e-m+fp/softfp/libg_nano.a(lib_a-readr.o)
 .comment       0x00000000000000a7       0x4f /usr/lib/gcc/arm-none-eabi/9.2.1/../../../arm-none-eabi/lib/thumb/v7e-m+fp/softfp/libg_nano.a(lib_a-reent.o)
 .comment       0x00000000000000a7       0x4f /usr/lib/gcc/arm-none-eabi/9.2.1/../../../arm-none-eabi/lib/thumb/v7e-m+fp/softfp/librdimon_nano.a(rdimon-syscalls.o)
 .comment       0x00000000000000a7       0x4f /usr/lib/gcc/arm-none-eabi/9.2.1/../../../arm-none-eabi/lib/thumb/v7e-m+fp/softfp/libc_nano.a(lib_a-errno.o)

.ARM.attributes
                0x0000000000000000       0x30
 .ARM.attributes
                0x0000000000000000       0x32 ./output/tasks.o
 .ARM.attributes
                0x0000000000000032       0x32 ./output/list.o
 .ARM.attributes
                0x0000000000000064       0x32 ./output/queue.o
 .ARM.attributes
                0x0000000000000096       0x32 ./output/timers.o
 .ARM.attributes
                0x00000000000000c8       0x32 ./output/heap_4.o
 .ARM.attributes
                0x00000000000000fa       0x32 ./output/port.o
 .ARM.attributes
                0x000000000000012c       0x32 ./output/IntQueue.o
 .ARM.attributes
                0x000000000000015e       0x32 ./output/IntQueueTimer.o
 .ARM.attributes
                0x0000000000000190       0x32 ./output/main.o
 .ARM.attributes
                0x00000000000001c2       0x32 ./output/startup_gcc.o
 .ARM.attributes
                0x00000000000001f4       0x32 ./output/printf-stdarg.o
 .ARM.attributes
                0x0000000000000226       0x32 /usr/lib/gcc/arm-none-eabi/9.2.1/../../../arm-none-eabi/lib/thumb/v7e-m+fp/softfp/libg_nano.a(lib_a-fflush.o)
 .ARM.attributes
                0x0000000000000258       0x32 /usr/lib/gcc/arm-none-eabi/9.2.1/../../../arm-none-eabi/lib/thumb/v7e-m+fp/softfp/libg_nano.a(lib_a-findfp.o)
 .ARM.attributes
                0x000000000000028a       0x32 /usr/lib/gcc/arm-none-eabi/9.2.1/../../../arm-none-eabi/lib/thumb/v7e-m+fp/softfp/libg_nano.a(lib_a-fwalk.o)
 .ARM.attributes
                0x00000000000002bc       0x30 /usr/lib/gcc/arm-none-eabi/9.2.1/../../../arm-none-eabi/lib/thumb/v7e-m+fp/softfp/libg_nano.a(lib_a-impure.o)
 .ARM.attributes
                0x00000000000002ec       0x1c /usr/lib/gcc/arm-none-eabi/9.2.1/../../../arm-none-eabi/lib/thumb/v7e-m+fp/softfp/libg_nano.a(lib_a-memcpy.o)
 .ARM.attributes
                0x0000000000000308       0x32 /usr/lib/gcc/arm-none-eabi/9.2.1/../../../arm-none-eabi/lib/thumb/v7e-m+fp/softfp/libg_nano.a(lib_a-memset.o)
 .ARM.attributes
                0x000000000000033a       0x32 /usr/lib/gcc/arm-none-eabi/9.2.1/../../../arm-none-eabi/lib/thumb/v7e-m+fp/softfp/libg_nano.a(lib_a-nano-freer.o)
 .ARM.attributes
                0x000000000000036c       0x32 /usr/lib/gcc/arm-none-eabi/9.2.1/../../../arm-none-eabi/lib/thumb/v7e-m+fp/softfp/libg_nano.a(lib_a-nano-mallocr.o)
 .ARM.attributes
                0x000000000000039e       0x32 /usr/lib/gcc/arm-none-eabi/9.2.1/../../../arm-none-eabi/lib/thumb/v7e-m+fp/softfp/libg_nano.a(lib_a-sbrkr.o)
 .ARM.attributes
                0x00000000000003d0       0x32 /usr/lib/gcc/arm-none-eabi/9.2.1/../../../arm-none-eabi/lib/thumb/v7e-m+fp/softfp/libg_nano.a(lib_a-stdio.o)
 .ARM.attributes
                0x0000000000000402       0x1c /usr/lib/gcc/arm-none-eabi/9.2.1/../../../arm-none-eabi/lib/thumb/v7e-m+fp/softfp/libg_nano.a(lib_a-strlen.o)
 .ARM.attributes
                0x000000000000041e       0x32 /usr/lib/gcc/arm-none-eabi/9.2.1/../../../arm-none-eabi/lib/thumb/v7e-m+fp/softfp/libg_nano.a(lib_a-writer.o)
 .ARM.attributes
                0x0000000000000450       0x32 /usr/lib/gcc/arm-none-eabi/9.2.1/../../../arm-none-eabi/lib/thumb/v7e-m+fp/softfp/libg_nano.a(lib_a-closer.o)
 .ARM.attributes
                0x0000000000000482       0x32 /usr/lib/gcc/arm-none-eabi/9.2.1/../../../arm-none-eabi/lib/thumb/v7e-m+fp/softfp/libg_nano.a(lib_a-lseekr.o)
 .ARM.attributes
                0x00000000000004b4       0x32 /usr/lib/gcc/arm-none-eabi/9.2.1/../../../arm-none-eabi/lib/thumb/v7e-m+fp/softfp/libg_nano.a(lib_a-mlock.o)
 .ARM.attributes
                0x00000000000004e6       0x32 /usr/lib/gcc/arm-none-eabi/9.2.1/../../../arm-none-eabi/lib/thumb/v7e-m+fp/softfp/libg_nano.a(lib_a-readr.o)
 .ARM.attributes
                0x0000000000000518       0x32 /usr/lib/gcc/arm-none-eabi/9.2.1/../../../arm-none-eabi/lib/thumb/v7e-m+fp/softfp/libg_nano.a(lib_a-reent.o)
 .ARM.attributes
                0x000000000000054a       0x32 /usr/lib/gcc/arm-none-eabi/9.2.1/../../../arm-none-eabi/lib/thumb/v7e-m+fp/softfp/librdimon_nano.a(rdimon-syscalls.o)
 .ARM.attributes
                0x000000000000057c       0x32 /usr/lib/gcc/arm-none-eabi/9.2.1/../../../arm-none-eabi/lib/thumb/v7e-m+fp/softfp/libc_nano.a(lib_a-errno.o)

.debug_frame    0x0000000000000000     0x2554
 .debug_frame   0x0000000000000000      0x8b0 ./output/tasks.o
 .debug_frame   0x00000000000008b0       0xd8 ./output/list.o
 .debug_frame   0x0000000000000988      0x630 ./output/queue.o
 .debug_frame   0x0000000000000fb8      0x3b0 ./output/timers.o
 .debug_frame   0x0000000000001368      0x12c ./output/heap_4.o
 .debug_frame   0x0000000000001494      0x18c ./output/port.o
 .debug_frame   0x0000000000001620      0x1ac ./output/IntQueue.o
 .debug_frame   0x00000000000017cc       0xb4 ./output/IntQueueTimer.o
 .debug_frame   0x0000000000001880      0x210 ./output/main.o
 .debug_frame   0x0000000000001a90       0x6c ./output/startup_gcc.o
 .debug_frame   0x0000000000001afc      0x194 ./output/printf-stdarg.o
 .debug_frame   0x0000000000001c90       0x70 /usr/lib/gcc/arm-none-eabi/9.2.1/../../../arm-none-eabi/lib/thumb/v7e-m+fp/softfp/libg_nano.a(lib_a-fflush.o)
 .debug_frame   0x0000000000001d00      0x120 /usr/lib/gcc/arm-none-eabi/9.2.1/../../../arm-none-eabi/lib/thumb/v7e-m+fp/softfp/libg_nano.a(lib_a-findfp.o)
 .debug_frame   0x0000000000001e20       0x54 /usr/lib/gcc/arm-none-eabi/9.2.1/../../../arm-none-eabi/lib/thumb/v7e-m+fp/softfp/libg_nano.a(lib_a-fwalk.o)
 .debug_frame   0x0000000000001e74       0x38 /usr/lib/gcc/arm-none-eabi/9.2.1/../../../arm-none-eabi/lib/thumb/v7e-m+fp/softfp/libg_nano.a(lib_a-memset.o)
 .debug_frame   0x0000000000001eac       0x58 /usr/lib/gcc/arm-none-eabi/9.2.1/../../../arm-none-eabi/lib/thumb/v7e-m+fp/softfp/libg_nano.a(lib_a-nano-freer.o)
 .debug_frame   0x0000000000001f04       0x30 /usr/lib/gcc/arm-none-eabi/9.2.1/../../../arm-none-eabi/lib/thumb/v7e-m+fp/softfp/libg_nano.a(lib_a-nano-mallocr.o)
 .debug_frame   0x0000000000001f34       0x2c /usr/lib/gcc/arm-none-eabi/9.2.1/../../../arm-none-eabi/lib/thumb/v7e-m+fp/softfp/libg_nano.a(lib_a-sbrkr.o)
 .debug_frame   0x0000000000001f60       0x8c /usr/lib/gcc/arm-none-eabi/9.2.1/../../../arm-none-eabi/lib/thumb/v7e-m+fp/softfp/libg_nano.a(lib_a-stdio.o)
 .debug_frame   0x0000000000001fec       0x2c /usr/lib/gcc/arm-none-eabi/9.2.1/../../../arm-none-eabi/lib/thumb/v7e-m+fp/softfp/libg_nano.a(lib_a-writer.o)
 .debug_frame   0x0000000000002018       0x2c /usr/lib/gcc/arm-none-eabi/9.2.1/../../../arm-none-eabi/lib/thumb/v7e-m+fp/softfp/libg_nano.a(lib_a-closer.o)
 .debug_frame   0x0000000000002044       0x2c /usr/lib/gcc/arm-none-eabi/9.2.1/../../../arm-none-eabi/lib/thumb/v7e-m+fp/softfp/libg_nano.a(lib_a-lseekr.o)
 .debug_frame   0x0000000000002070       0x30 /usr/lib/gcc/arm-none-eabi/9.2.1/../../../arm-none-eabi/lib/thumb/v7e-m+fp/softfp/libg_nano.a(lib_a-mlock.o)
 .debug_frame   0x00000000000020a0       0x2c /usr/lib/gcc/arm-none-eabi/9.2.1/../../../arm-none-eabi/lib/thumb/v7e-m+fp/softfp/libg_nano.a(lib_a-readr.o)
 .debug_frame   0x00000000000020cc       0x6c /usr/lib/gcc/arm-none-eabi/9.2.1/../../../arm-none-eabi/lib/thumb/v7e-m+fp/softfp/libg_nano.a(lib_a-reent.o)
 .debug_frame   0x0000000000002138      0x3fc /usr/lib/gcc/arm-none-eabi/9.2.1/../../../arm-none-eabi/lib/thumb/v7e-m+fp/softfp/librdimon_nano.a(rdimon-syscalls.o)
 .debug_frame   0x0000000000002534       0x20 /usr/lib/gcc/arm-none-eabi/9.2.1/../../../arm-none-eabi/lib/thumb/v7e-m+fp/softfp/libc_nano.a(lib_a-errno.o)

.debug_loc      0x0000000000000000     0x3852
 .debug_loc     0x0000000000000000      0x3f5 /usr/lib/gcc/arm-none-eabi/9.2.1/../../../arm-none-eabi/lib/thumb/v7e-m+fp/softfp/libg_nano.a(lib_a-fflush.o)
 .debug_loc     0x00000000000003f5      0x339 /usr/lib/gcc/arm-none-eabi/9.2.1/../../../arm-none-eabi/lib/thumb/v7e-m+fp/softfp/libg_nano.a(lib_a-findfp.o)
 .debug_loc     0x000000000000072e      0x24f /usr/lib/gcc/arm-none-eabi/9.2.1/../../../arm-none-eabi/lib/thumb/v7e-m+fp/softfp/libg_nano.a(lib_a-fwalk.o)
 .debug_loc     0x000000000000097d      0x231 /usr/lib/gcc/arm-none-eabi/9.2.1/../../../arm-none-eabi/lib/thumb/v7e-m+fp/softfp/libg_nano.a(lib_a-memset.o)
 .debug_loc     0x0000000000000bae      0x211 /usr/lib/gcc/arm-none-eabi/9.2.1/../../../arm-none-eabi/lib/thumb/v7e-m+fp/softfp/libg_nano.a(lib_a-nano-freer.o)
 .debug_loc     0x0000000000000dbf      0x437 /usr/lib/gcc/arm-none-eabi/9.2.1/../../../arm-none-eabi/lib/thumb/v7e-m+fp/softfp/libg_nano.a(lib_a-nano-mallocr.o)
 .debug_loc     0x00000000000011f6       0x6c /usr/lib/gcc/arm-none-eabi/9.2.1/../../../arm-none-eabi/lib/thumb/v7e-m+fp/softfp/libg_nano.a(lib_a-sbrkr.o)
 .debug_loc     0x0000000000001262      0x393 /usr/lib/gcc/arm-none-eabi/9.2.1/../../../arm-none-eabi/lib/thumb/v7e-m+fp/softfp/libg_nano.a(lib_a-stdio.o)
 .debug_loc     0x00000000000015f5       0xdd /usr/lib/gcc/arm-none-eabi/9.2.1/../../../arm-none-eabi/lib/thumb/v7e-m+fp/softfp/libg_nano.a(lib_a-writer.o)
 .debug_loc     0x00000000000016d2       0x6c /usr/lib/gcc/arm-none-eabi/9.2.1/../../../arm-none-eabi/lib/thumb/v7e-m+fp/softfp/libg_nano.a(lib_a-closer.o)
 .debug_loc     0x000000000000173e       0xdd /usr/lib/gcc/arm-none-eabi/9.2.1/../../../arm-none-eabi/lib/thumb/v7e-m+fp/softfp/libg_nano.a(lib_a-lseekr.o)
 .debug_loc     0x000000000000181b       0xdd /usr/lib/gcc/arm-none-eabi/9.2.1/../../../arm-none-eabi/lib/thumb/v7e-m+fp/softfp/libg_nano.a(lib_a-readr.o)
 .debug_loc     0x00000000000018f8      0x135 /usr/lib/gcc/arm-none-eabi/9.2.1/../../../arm-none-eabi/lib/thumb/v7e-m+fp/softfp/libg_nano.a(lib_a-reent.o)
 .debug_loc     0x0000000000001a2d     0x1e25 /usr/lib/gcc/arm-none-eabi/9.2.1/../../../arm-none-eabi/lib/thumb/v7e-m+fp/softfp/librdimon_nano.a(rdimon-syscalls.o)
